09-23 16:38:57.063  5289  5289 I K3CAP   : K3CAP_START id="SYNTH-HIST-0001" targetSn=<first>
09-23 16:38:57.339  5289  5289 I PenBleSDK-BleAgentImpl: --- create ---
09-23 16:38:57.440  5289  5289 I K3CAP   : K3CAP_SCAN_STARTED
09-23 16:38:57.910  5289  5329 I K3CAP   : K3CAP_SCAN n=1 sns=[8810000001]
09-23 16:38:57.910  5289  5329 I PenBleSDK-BluetoothLeOperation: stopScanBLE
09-23 16:38:57.925  5289  5329 I K3CAP   : K3CAP_RECOVERY calling recoveryConnectBleDevice sn=8810000001 id="SYNTH-HIST-0001"
09-23 16:38:57.925  5289  5329 W PlaudDeviceAgent: recoveryConnect WARNING: token 长度=13，预期 32 hex（底层会补零/截断）
09-23 16:38:57.925  5289  5329 I PlaudDeviceAgent: recoveryConnect start sn=8810000001 protVersion=7 historicalUserId=SYNTH-HIST-0001 handshakeToken=SYNTHHIST0001 isForceClear=true (PRE_HANDSHAKE_AND_CLEAR/0xFE20)
09-23 16:38:57.927  5289  5329 W PenBleSDK-BleAgentImpl: bleConnectStage sn=sn:[5c4317a7] stage=start detail=sn=sn:[5c4317a7],mac=F0:1A:2B:3C:4D:5E
09-23 16:38:57.928  5289  5331 I PenBleSDK-BleAgentImpl: start validCustomer
09-23 16:38:57.928  5289  5331 I PenBleSDK-BleAgentImpl: validCustomer result: Pass
09-23 16:38:57.928  5289  5331 I PenBleSDK-BleAgentImpl: bleOperation.connection:F0:1A:2B:3C:4D:5E
09-23 16:38:57.930  5289  5331 W PenBleSDK-BleAgentImpl: bleConnectStage sn=sn:[5c4317a7] stage=gatt_connect
09-23 16:38:57.934  5289  5332 I PlaudDeviceAgent: bleConnectStage sn=8810000001 stage=start detail=sn=sn:[5c4317a7],mac=F0:1A:2B:3C:4D:5E
09-23 16:38:57.934  5289  5332 I K3CAP   : K3CAP_STAGE sn="8810000001" stage="start" detail="sn=sn:[5c4317a7],mac=F0:1A:2B:3C:4D:5E"
09-23 16:38:57.936  5289  5331 I PenBleSDK-BluetoothLeOperation: start connect conBtDevice name:null mac:F0:1A:2B:3C:4D:5E
09-23 16:38:57.939  5289  5333 I PlaudDeviceAgent: bleConnectStage sn=8810000001 stage=gatt_connect
09-23 16:38:57.939  5289  5333 I K3CAP   : K3CAP_STAGE sn="8810000001" stage="gatt_connect" detail="null"
09-23 16:38:57.941  5289  5331 D BluetoothGatt: connect() - device: XX:XX:XX:XX:4D:5E, auto: false
09-23 16:38:57.941  5289  5331 D BluetoothGatt: registerApp()
09-23 16:38:57.946  5289  5331 D BluetoothGatt: registerApp() - UUID=8a9aad62-5d73-4631-8946-1c80d3c5b8ea
09-23 16:38:57.957  5289  5331 I PenBleSDK-BleAgentImpl: btStatusChange: CONNECTING
09-23 16:38:57.958  5289  5289 I PenBleSDK-TntAgent: btStatusChange:sn:[5c4317a7], CONNECTING
09-23 16:38:57.959  5289  5289 I PenBleSDK-TntAgent: cur sn:sn:[5c4317a7]
09-23 16:38:57.962  5289  5304 D BluetoothGatt: onClientRegistered() - status=0 clientIf=7
09-23 16:38:58.748   884  1066 D BluetoothGattServer: onServerConnectionState() - status=0 serverIf=6 device=F0:1A:2B:3C:4D:5E
09-23 16:38:58.776  5289  5304 D BluetoothGatt: onClientConnectionState() - status=0 clientIf=7 device=F0:1A:2B:3C:4D:5E
09-23 16:38:58.777  5289  5304 I PenBleSDK-BluetoothLeOperation: onConnectionStateChange:errorCode: 0 newState: CONNECTED isConnectFailUseDisConnect:false
09-23 16:38:58.779  5289  5304 D BluetoothGatt: configureMTU() - device: XX:XX:XX:XX:4D:5E mtu: 255
09-23 16:38:58.817  5289  5304 I PenBleSDK-BluetoothLeOperation: start requestMtu 255 true
09-23 16:38:58.818   884  1066 D BluetoothGattServer: onConnectionUpdated() - Device=F0:1A:2B:3C:4D:5E interval=6 latency=0 timeout=500 status=0
09-23 16:38:58.818  5289  5304 D BluetoothGatt: onConnectionUpdated() - Device=F0:1A:2B:3C:4D:5E interval=6 latency=0 timeout=500 status=0
09-23 16:38:59.331   884  1066 D BluetoothGattServer: onConnectionUpdated() - Device=F0:1A:2B:3C:4D:5E interval=40 latency=0 timeout=500 status=0
09-23 16:38:59.331  5289  5304 D BluetoothGatt: onConnectionUpdated() - Device=F0:1A:2B:3C:4D:5E interval=40 latency=0 timeout=500 status=0
09-23 16:38:59.339  5289  5304 D BluetoothGatt: onConfigureMTU() - Device=F0:1A:2B:3C:4D:5E mtu=517 status=0
09-23 16:38:59.339  5289  5304 I PenBleSDK-BluetoothLeOperation: onMtuChanged: 517 status: 0 isSetDefMtu: false
09-23 16:38:59.340  5289  5304 I PenBleSDK-BluetoothLeOperation: discoverServices
09-23 16:38:59.340  5289  5304 I PenBleSDK-BluetoothLeOperation: start discoverServices
09-23 16:38:59.340  5289  5304 D BluetoothGatt: discoverServices() - device: XX:XX:XX:XX:4D:5E
09-23 16:38:59.370  5289  5304 D BluetoothGatt: onSearchComplete() = Device=F0:1A:2B:3C:4D:5E Status=0
09-23 16:38:59.370  5289  5304 I PenBleSDK-BluetoothLeOperation: onServicesDiscovered status: 0
09-23 16:38:59.370  5289  5304 I PenBleSDK-BleAgentImpl: btStatusChange: CONNECTED
09-23 16:38:59.370  5289  5304 W PenBleSDK-BleAgentImpl: bleConnectStage sn=sn:[5c4317a7] stage=set_notify
09-23 16:38:59.371  5289  5304 I PenBleSDK-BleAgentImpl: New Battery Service
09-23 16:38:59.372  5289  5386 I PlaudDeviceAgent: bleConnectStage sn=8810000001 stage=set_notify
09-23 16:38:59.372  5289  5386 I K3CAP   : K3CAP_STAGE sn="8810000001" stage="set_notify" detail="null"
09-23 16:38:59.372  5289  5304 W PenBleSDK-BleAgentImpl: bleConnectStage sn=sn:[5c4317a7] stage=set_data_notify detail=new_battery_service_port_7
09-23 16:38:59.378  5289  5304 D BluetoothGatt: setCharacteristicNotification() - uuid: 00002bb0-0000-1000-8000-00805f9b34fb enable: true
09-23 16:38:59.390  5289  5387 I PlaudDeviceAgent: bleConnectStage sn=8810000001 stage=set_data_notify detail=new_battery_service_port_7
09-23 16:38:59.390  5289  5387 I K3CAP   : K3CAP_STAGE sn="8810000001" stage="set_data_notify" detail="new_battery_service_port_7"
09-23 16:38:59.390  5289  5345 I PenBleSDK-BluetoothLeOperation: -checkRequest-null-getRequestType-DescriptorWrite
09-23 16:38:59.439  5289  5304 I PenBleSDK-BluetoothLeOperation: -callBackRequest:null status:0
09-23 16:38:59.440  5289  5304 W PenBleSDK-BleAgentImpl: bleConnectStage sn=sn:[5c4317a7] stage=first_handshake
09-23 16:38:59.441  5289  5304 I PenBleSDK-BleAgentImpl: handshake start
09-23 16:38:59.441  5289  5389 I PlaudDeviceAgent: bleConnectStage sn=8810000001 stage=first_handshake
09-23 16:38:59.441  5289  5389 I K3CAP   : K3CAP_STAGE sn="8810000001" stage="first_handshake" detail="null"
09-23 16:38:59.470  5289  5345 I PenBleSDK-BluetoothLeOperation: 01010002000053594E54484849535430303031303030-checkRequest-[1, 2]-getRequestType-CharacteristicWrite
09-23 16:38:59.487  5289  5304 I PenBleSDK-BluetoothLeOperation: recv-cmd:cmd 1 01010000070000000100000056010000
09-23 16:38:59.487  5289  5304 I PenBleSDK-BluetoothLeOperation: cmd type:1
09-23 16:38:59.487  5289  5304 I PenBleSDK-BluetoothLeOperation: onCallback: 1
09-23 16:38:59.505  5289  5390 I PenBleSDK-BleAgentImpl: handshake data type1
09-23 16:38:59.508  5289  5390 I PenBleSDK-BleAgentImpl: old HandShakeRsp: l3{status=0, portVersion=7, timezone=0, timezoneMin=0, audioChannel=1, supportWifi=false, noNsAgc=false, isOggAudio=false, versionType=V, version=1}
09-23 16:38:59.508  5289  5390 I PenBleSDK-BleAgentImpl: audioChannel:1
09-23 16:38:59.508  5289  5390 I PenBleSDK-BleAgentImpl: supportWifi:false
09-23 16:38:59.508  5289  5390 I PenBleSDK-BleAgentImpl: noNsAgc:false
09-23 16:38:59.508  5289  5390 I PenBleSDK-BleAgentImpl: isOggAudio:false
09-23 16:38:59.509  5289  5390 W PenBleSDK-BleAgentImpl: bleConnectStage sn=sn:[5c4317a7] stage=first_handshake detail=old_protocol_ok
09-23 16:38:59.509  5289  5390 I PenBleSDK-BleAgentImpl: syncTimeCount:0
09-23 16:38:59.509  5289  5390 W PenBleSDK-BleAgentImpl: bleConnectStage sn=sn:[5c4317a7] stage=sync_time detail=attempt_0
09-23 16:38:59.510  5289  5390 E PenBleSDK-err: stamp:1790161739
09-23 16:38:59.510  5289  5390 E PenBleSDK-err: timeZone:5, min:30
09-23 16:38:59.510  5289  5391 I PlaudDeviceAgent: bleConnectStage sn=8810000001 stage=first_handshake detail=old_protocol_ok
09-23 16:38:59.510  5289  5390 I PenBleSDK-BleAgentImpl: getBatLevelCount:0
09-23 16:38:59.510  5289  5391 I K3CAP   : K3CAP_STAGE sn="8810000001" stage="first_handshake" detail="old_protocol_ok"
09-23 16:38:59.511  5289  5392 I PlaudDeviceAgent: bleConnectStage sn=8810000001 stage=sync_time detail=attempt_0
09-23 16:38:59.511  5289  5392 I K3CAP   : K3CAP_STAGE sn="8810000001" stage="sync_time" detail="attempt_0"
09-23 16:38:59.513  5289  5304 I PenBleSDK-BluetoothLeOperation: 01010002000053594E54484849535430303031303030-callBackRequest:[1, 2] status:0
09-23 16:38:59.514  5289  5304 I PenBleSDK-BleAgentImpl: handshake sendSuccess errorCode:0
09-23 16:38:59.548  5289  5345 I PenBleSDK-BluetoothLeOperation: 0104004BB3B36A051E-checkRequest-[4]-getRequestType-CharacteristicWrite
09-23 16:38:59.577  5289  5304 I PenBleSDK-BluetoothLeOperation: recv-cmd:cmd 4 01040000F153650000
09-23 16:38:59.577  5289  5304 I PenBleSDK-BluetoothLeOperation: cmd type:4
09-23 16:38:59.577  5289  5304 I PenBleSDK-BluetoothLeOperation: onCallback: 4
09-23 16:38:59.578  5289  5393 I PenBleSDK-BleAgentImpl: not Statistics data
09-23 16:38:59.579  5289  5289 I PenBleSDK-TntAgent: btStatusChange:sn:[5c4317a7], CONNECTED
09-23 16:38:59.579  5289  5289 I PenBleSDK-TntAgent: cur sn:sn:[5c4317a7]
09-23 16:38:59.580  5289  5394 I K3CAP   : K3CAP_CONNECT_STATE state=1
09-23 16:38:59.580  5289  5394 I K3CAP   : K3CAP_BIND sn="8810000001" status=0 protVersion=0 tz=0
09-23 16:38:59.599  5289  5304 I PenBleSDK-BluetoothLeOperation: 0104004BB3B36A051E-callBackRequest:[4] status:0
09-23 16:38:59.631  5289  5345 I PenBleSDK-BluetoothLeOperation: 010900-checkRequest-[9]-getRequestType-CharacteristicWrite
09-23 16:38:59.654  5289  5304 I PenBleSDK-BluetoothLeOperation: recv-cmd:cmd 9 0109000057
09-23 16:38:59.655  5289  5304 I PenBleSDK-BluetoothLeOperation: cmd type:9
09-23 16:38:59.655  5289  5304 I PenBleSDK-BluetoothLeOperation: onCallback: 9
09-23 16:38:59.670  5289  5305 I PenBleSDK-BluetoothLeOperation: 010900-callBackRequest:[9] status:0
09-23 16:38:59.704  5289  5345 I PenBleSDK-BluetoothLeOperation: 010300-checkRequest-[3]-getRequestType-CharacteristicWrite
09-23 16:38:59.719  5289  5304 I PenBleSDK-BluetoothLeOperation: recv-cmd:cmd 3 010300011000000101000478563412000000
09-23 16:38:59.720  5289  5304 I PenBleSDK-BluetoothLeOperation: cmd type:3
09-23 16:38:59.720  5289  5304 I PenBleSDK-BluetoothLeOperation: onCallback: 3
09-23 16:38:59.736  5289  5396 E PenBleSDK-zdk: get secnes-010300011000000101000478563412000000
09-23 16:38:59.736  5289  5396 E PenBleSDK-zdk: get secnes-----------
09-23 16:38:59.736  5289  5396 I PenBleSDK-BleAgentImpl: getState after bind
09-23 16:38:59.762  5289  5304 I PenBleSDK-BluetoothLeOperation: 010300-callBackRequest:[3] status:0
09-23 16:38:59.770  5289  5345 I PenBleSDK-BluetoothLeOperation: 010800010F00-checkRequest-[8, 1015]-getRequestType-CharacteristicWrite
09-23 16:38:59.795  5289  5304 I PenBleSDK-BluetoothLeOperation: 010800010F00-callBackRequest:[8, 1015] status:0
09-23 16:38:59.803  5289  5345 I PenBleSDK-BluetoothLeOperation: 010800011100-checkRequest-[8, 1017]-getRequestType-CharacteristicWrite
09-23 16:38:59.842  5289  5304 I PenBleSDK-BluetoothLeOperation: 010800011100-callBackRequest:[8, 1017] status:0
