# 2026-09-25T09:02:13Z piper oracle synth-piper-3spk-reverb-noise-s0103 pipeline=oracle hint=0 n_active=3
# audio /Users/mivi/Desktop/plaud-harness/build/synthetic/piper/synth-piper-3spk-reverb-noise-s0103/mix.wav
# load average at start: { 2.11 2.17 2.58 }
# swap at start: total = 8192.00M  used = 6781.38M  free = 1410.62M  (encrypted)
oracle: 50 segments, 3 speakers, 0.01s -> /Users/mivi/Desktop/plaud-harness/build/v5/hyp/piper/oracle/synth-piper-3spk-reverb-noise-s0103.partial/hyp.json (+ .rttm, .stm)  [HARNESS SELF-TEST, not a system under test]
        0.30 real         0.24 user         0.03 sys
            72220672  maximum resident set size
                   0  average shared memory size
                   0  average unshared data size
                   0  average unshared stack size
                7219  page reclaims
                   0  page faults
                   0  swaps
                   0  block input operations
                   0  block output operations
                   0  messages sent
                   0  messages received
                   0  signals received
                   0  voluntary context switches
                 118  involuntary context switches
          2658254756  instructions retired
           897271127  cycles elapsed
            53478656  peak memory footprint
# load average at end: { 2.11 2.17 2.58 }
# exit 0
