# 2026-09-25T09:12:01Z ami whisper-sherpa EN2002a pipeline=whisper-sherpa hint=0 n_active=4
# audio /Users/mivi/Desktop/plaud-harness/data/corpora/ami/meetings/EN2002a/mix.wav
# load average at start: { 2.77 3.88 3.56 }
# swap at start: total = 8192.00M  used = 7110.00M  free = 1082.00M  (encrypted)
whisper-sherpa: 1122 segments, 83 speakers, 654.80s -> /Users/mivi/Desktop/plaud-harness/build/v5/hyp/ami/whisper-sherpa/EN2002a.partial/hyp.json (+ .rttm, .stm)
      656.59 real      2664.19 user       174.66 sys
          1522548736  maximum resident set size
                   0  average shared memory size
                   0  average unshared data size
                   0  average unshared stack size
            10643500  page reclaims
                2891  page faults
                   0  swaps
                   0  block input operations
                   0  block output operations
                   0  messages sent
                   0  messages received
                   0  signals received
                9808  voluntary context switches
            23692338  involuntary context switches
      17849512606764  instructions retired
       6171362936780  cycles elapsed
          3316852736  peak memory footprint
# load average at end: { 6.38 5.94 4.95 }
# exit 0
