# 2026-09-25T09:22:58Z ami whisper-sherpa ES2004a pipeline=whisper-sherpa hint=0 n_active=4
# audio /Users/mivi/Desktop/plaud-harness/data/corpora/ami/meetings/ES2004a/mix.wav
# load average at start: { 6.38 5.94 4.95 }
# swap at start: total = 9216.00M  used = 7958.56M  free = 1257.44M  (encrypted)
whisper-sherpa: 403 segments, 31 speakers, 267.74s -> /Users/mivi/Desktop/plaud-harness/build/v5/hyp/ami/whisper-sherpa/ES2004a.partial/hyp.json (+ .rttm, .stm)
      269.94 real      1077.44 user        70.15 sys
          1315471360  maximum resident set size
                   0  average shared memory size
                   0  average unshared data size
                   0  average unshared stack size
             4200944  page reclaims
                3172  page faults
                   0  swaps
                   0  block input operations
                   0  block output operations
                   0  messages sent
                   0  messages received
                   0  signals received
                1298  voluntary context switches
             7996275  involuntary context switches
       7193253564709  instructions retired
       2350656489524  cycles elapsed
          2156370560  peak memory footprint
# load average at end: { 8.33 6.72 5.50 }
# exit 0
