# 2026-09-25T09:27:28Z ami whisper-sherpa IS1009a pipeline=whisper-sherpa hint=0 n_active=4
# audio /Users/mivi/Desktop/plaud-harness/data/corpora/ami/meetings/IS1009a/mix.wav
# load average at start: { 8.33 6.72 5.50 }
# swap at start: total = 9216.00M  used = 7917.25M  free = 1298.75M  (encrypted)
whisper-sherpa: 251 segments, 34 speakers, 202.10s -> /Users/mivi/Desktop/plaud-harness/build/v5/hyp/ami/whisper-sherpa/IS1009a.partial/hyp.json (+ .rttm, .stm)
      204.18 real       811.08 user        47.01 sys
          1279164416  maximum resident set size
                   0  average shared memory size
                   0  average unshared data size
                   0  average unshared stack size
             3146431  page reclaims
                3755  page faults
                   0  swaps
                   0  block input operations
                   0  block output operations
                   0  messages sent
                   0  messages received
                   0  signals received
                1306  voluntary context switches
             5457345  involuntary context switches
       5439302316149  instructions retired
       1732861875104  cycles elapsed
          1949784192  peak memory footprint
# load average at end: { 6.79 7.24 6.02 }
# exit 0
