INFO         | Android emulator version 37.1.11.0 (build_id 15917651) (CL:N/A)
INFO         | Graphics backend: gfxstream
INFO         | Found systemPath /Users/mivi/mivi-toolchain/android-sdk/system-images/android-34/google_apis/arm64-v8a/
INFO         | Guest GLES Driver: Auto (ext controls)
INFO         | emuglConfig_init: vulkan_mode_selected:lavapipe gles_mode_selected:swangle
INFO         | Checking system compatibility:
INFO         |   Checking: hasSufficientDiskSpace
INFO         |      Ok: Disk space requirements to run avd: `mivi_test_34` are met
INFO         |   Checking: hasSufficientHwGpu
INFO         |      Ok: Hardware GPU compatibility checks are not required
INFO         |   Checking: hasSufficientSystem
INFO         |      Ok: System requirements to run avd: `mivi_test_34` are met
INFO         | Storing crashdata in: /tmp/android-mivi/emu-crash-37.1.11.db, detection is enabled for process: 48732
INFO         | Initializing gfxstream backend
INFO         | startOpenglesRendererImpl: gpu info
INFO         | 
INFO         | initIcdPaths: ICD set to 'lavapipe', using Lavapipe ICD
INFO         | Setting ICD filenames for the loader = /Users/mivi/mivi-toolchain/android-sdk/emulator/lib64/vulkan/lvp_icd.json
INFO         | SharedLibrary::open for [/Users/mivi/mivi-toolchain/android-sdk/emulator/qemu/darwin-aarch64/lib64/vulkan/libvulkan.dylib]
INFO         | Added library: /Users/mivi/mivi-toolchain/android-sdk/emulator/qemu/darwin-aarch64/lib64/vulkan/libvulkan.dylib
INFO         | Enabling Vulkan portability.
INFO         | Selecting Vulkan device: llvmpipe (LLVM 21.1.4, 128 bits), Version: 1.4.330
INFO         | Using Vulkan externalMemoryMode: OpaqueFd for VkEmulation
INFO         | Initializing VkEmulation features:
INFO         |     glInteropSupported: false
INFO         |     useDeferredCommands: true
INFO         |     createResourceWithRequirements: true
INFO         |     useVulkanComposition: false
INFO         |     useVulkanNativeSwapchain: false
INFO         |     enable guestRenderDoc: false
INFO         |     ASTC LDR emulation mode: Gpu
INFO         |     enable ETC2 emulation: true
INFO         |     enable Ycbcr emulation: false
INFO         |     guestVulkanOnly: false
INFO         |     useDedicatedAllocations: false
INFO         |     guestVulkanMaxApiVersion: 1.3.0
INFO         |     enableProtectedMemoryEmulation: false
INFO         | Graphics Adapter Vendor Google (Google Inc. (Google))
INFO         | Graphics Adapter Android Emulator OpenGL ES Translator (ANGLE (Google, Vulkan 1.3.0 (SwiftShader Device (LLVM 10.0.0) (0x0000C0DE)), SwiftShader driver-5.0.0))
INFO         | Graphics API Version OpenGL ES 3.0 (OpenGL ES 3.1.0 (ANGLE 2.1.1 git hash: fbf66f49c7cc))
INFO         | Graphics API Extensions GL_OES_EGL_sync GL_OES_EGL_image GL_OES_EGL_image_external GL_OES_depth24 GL_OES_depth32 GL_OES_element_index_uint GL_OES_texture_float GL_OES_texture_float_linear GL_OES_compressed_paletted_texture GL_OES_compressed_ETC1_RGB8_texture GL_OES_depth_texture GL_OES_texture_half_float GL_OES_texture_half_float_linear GL_OES_packed_depth_stencil GL_OES_vertex_half_float GL_OES_standard_derivatives GL_OES_texture_npot GL_OES_rgb8_rgba8 GL_OVR_multiview2 GL_EXT_color_buffer_float GL_EXT_color_buffer_half_float GL_EXT_texture_format_BGRA8888 GL_APPLE_texture_format_BGRA8888 GL_EXT_draw_buffers_indexed GL_EXT_clip_cull_distance 
INFO         | Graphics Device Extensions N/A
INFO         | Disabling sparse binding feature support
INFO         | Sending adb public key [QAAAAPtU5jvNaamCJfb+zJocCG4o48TDliK57rVJMciHK33I7fcikaCwUYfB7y9R4JYBcCC42voEa2b/TWSaAcI63PuY0Vy+w3+iN8uM8+u22VGov+OqeUKHMBnp6cIgJKqxui49eOD3m3+H3AoPegHBLhapOLJlR098A3IVZth0AbTuQNTvlSdDxs2ieyrC28OvFnTFooUQz85DvAekB1lOObCNtlmuHBPqaKHjdVepEhSxt9LNBtbwnUylPL+rlHlZ3pwcq34cCsaA53iohQ4x1wSdpgspL/gCTxRsiLC7S66YpsiF7jOErNFGMruyutfX1pOxjkl8csdjqtXPF0CEL3/i9EquG7Zgdl0xT3+7UIUwvSTg4cKvyTamWxrDaUpTFn2DGEfk6GLz1VVqrfd6x83IMu4BoNmeNCQyItlBZVAOZvBxlKL/Y9V/dWP0c9zNhPwE72etvCuxgRKJCCSGSDdZYPPXPArTqtiv1NP/n84HRir5/TpxtQ6s03AVo3Pl1E3qSGdgQ0lDo4O/p5R9p8MjLBsvYaPd484qxn51dogmZQlGOdJgamTVZKFka7i8FiecP3ctNA6+Rli+XG7Fd14RfI48wt/gs6KjxCtERCSpyI/vuVnQKuIZAz6Ua12EmJh2jmxNBpCfC7yLqh+ezbdcllXEIchzDzg/1feiHtJqoyiqLAEAAQA= mivi@unknown]
INFO         | Userspace boot properties:
INFO         |   androidboot.boot_devices=a003600.virtio_mmio
INFO         |   androidboot.dalvik.vm.heapsize=576m
INFO         |   androidboot.debug.hwui.renderer=skiagl
INFO         |   androidboot.debug.sf.nobootanimation=1
INFO         |   androidboot.hardware=ranchu
INFO         |   androidboot.hardware.gltransport=pipe
INFO         |   androidboot.hardware.vulkan=ranchu
INFO         |   androidboot.logcat=*:V
INFO         |   androidboot.opengles.version=196609
INFO         |   androidboot.qemu=1
INFO         |   androidboot.qemu.adb.pubkey=QAAAAPtU5jvNaamCJfb+zJocCG4o48TDliK57rVJMciHK33I7fcikaCwUYfB7y9R4JYBcCC42voEa2b/TWSaAcI63PuY0Vy+w3+iN8uM8+u22VGov+OqeUKHMBnp6cIgJKqxui49eOD3m3+H3AoPegHBLhapOLJlR098A3IVZth0AbTuQNTvlSdDxs2ieyrC28OvFnTFooUQz85DvAekB1lOObCNtlmuHBPqaKHjdVepEhSxt9LNBtbwnUylPL+rlHlZ3pwcq34cCsaA53iohQ4x1wSdpgspL/gCTxRsiLC7S66YpsiF7jOErNFGMruyutfX1pOxjkl8csdjqtXPF0CEL3/i9EquG7Zgdl0xT3+7UIUwvSTg4cKvyTamWxrDaUpTFn2DGEfk6GLz1VVqrfd6x83IMu4BoNmeNCQyItlBZVAOZvBxlKL/Y9V/dWP0c9zNhPwE72etvCuxgRKJCCSGSDdZYPPXPArTqtiv1NP/n84HRir5/TpxtQ6s03AVo3Pl1E3qSGdgQ0lDo4O/p5R9p8MjLBsvYaPd484qxn51dogmZQlGOdJgamTVZKFka7i8FiecP3ctNA6+Rli+XG7Fd14RfI48wt/gs6KjxCtERCSpyI/vuVnQKuIZAz6Ua12EmJh2jmxNBpCfC7yLqh+ezbdcllXEIchzDzg/1feiHtJqoyiqLAEAAQA= mivi@unknown
INFO         |   androidboot.qemu.avd_name=mivi_test_34
INFO         |   androidboot.qemu.camera_hq_edge_processing=0
INFO         |   androidboot.qemu.camera_protocol_ver=1
INFO         |   androidboot.qemu.cpuvulkan.version=4206592
INFO         |   androidboot.qemu.gltransport.drawFlushInterval=800
INFO         |   androidboot.qemu.gltransport.name=pipe
INFO         |   androidboot.qemu.hwcodec.avcdec=2
INFO         |   androidboot.qemu.hwcodec.hevcdec=2
INFO         |   androidboot.qemu.hwcodec.vpxdec=2
INFO         |   androidboot.qemu.settings.system.screen_off_timeout=2147483647
INFO         |   androidboot.qemu.skin=1080x2400
INFO         |   androidboot.qemu.virtiowifi=1
INFO         |   androidboot.qemu.vsync=60
INFO         |   androidboot.serialno=EMULATOR37X1X11X0
INFO         |   androidboot.vbmeta.digest=7d083757a5e20cd0c568182e509f6d02da844505ce73ef80b2f1ada3f02ae18c
INFO         |   androidboot.vbmeta.hash_alg=sha256
INFO         |   androidboot.vbmeta.size=6656
INFO         |   androidboot.veritymode=enforcing
INFO         | Monitoring duration of emulator setup.
WARNING      | The emulator now requires a signed jwt token for gRPC access! Use the -grpc flag if you really want an open unprotected grpc port
INFO         | Using security allow list from: /Users/mivi/mivi-toolchain/android-sdk/emulator/lib/emulator_access.json
INFO         | The active JSON Web Key Sets can be found here: /Users/mivi/Library/Caches/TemporaryItems/avd/running/48732/jwks/14e8790c-3624-4814-bec0-7847cbd29db6/active.jwk
INFO         | Scanning /Users/mivi/Library/Caches/TemporaryItems/avd/running/48732/jwks/14e8790c-3624-4814-bec0-7847cbd29db6 for jwk keys.
INFO         | Started GRPC server at 127.0.0.1:8554, security: Local, auth: +token
INFO         | Advertising in: /Users/mivi/Library/Caches/TemporaryItems/avd/running/pid_48732.ini
INFO         | Successfully initialized netsim WiFi
INFO         | Activated packet streamer for bluetooth emulation
INFO         | Setting display: 0 configuration to: 1080x2400, dpi: 420x420 
INFO         | setDisplayActiveConfig: id:0, 1080x2400
INFO         | emulatorSetupEnvironment: Environment scene is not required
USER_INFO    | Emulator is performing a full startup. This may take upto two minutes, or more.
INFO         | Boot completed in 20512 ms
INFO         | Increasing screen off timeout, logcat buffer size to 2M.
INFO         | Wait for emulator (pid 48732) 20 seconds to shutdown gracefully before kill;you can set environment variable ANDROID_EMULATOR_WAIT_TIME_BEFORE_KILL(in seconds) to change the default value (20 seconds)

USER_INFO    | Snapshots have been disabled by the user, save request is ignored.
INFO         | Saving snapshot 'default_boot' using 0 ms
INFO         | removeAll
WARNING      | Netsim Wifi dns:///localhost:52471 is gone due to Stream removed (CANCELLED)
