# 2026-09-25T10:08:01Z piper-device whisper-sherpa-hint synth-piper-4spk-s0104 pipeline=whisper-sherpa hint=1 n_active=4
# audio /Users/mivi/Desktop/plaud-harness/build/synthetic/piper/synth-piper-4spk-s0104/device/recording.ogg
# load average at start: { 9.69 7.32 7.07 }
# swap at start: total = 9216.00M  used = 7949.56M  free = 1266.44M  (encrypted)
whisper-sherpa: 51 segments, 4 speakers, 49.71s -> /Users/mivi/Desktop/plaud-harness/build/v5/hyp/piper-device/whisper-sherpa-hint/synth-piper-4spk-s0104.partial/hyp.json (+ .rttm, .stm)
       51.53 real       195.75 user        13.87 sys
          1312374784  maximum resident set size
                   0  average shared memory size
                   0  average unshared data size
                   0  average unshared stack size
             1279256  page reclaims
                 875  page faults
                   0  swaps
                   0  block input operations
                   0  block output operations
                   0  messages sent
                   0  messages received
                   0  signals received
                1200  voluntary context switches
             1158355  involuntary context switches
       1151943731406  instructions retired
        366440197741  cycles elapsed
          1720686784  peak memory footprint
# load average at end: { 7.93 7.20 7.03 }
# exit 0
