# 2026-09-25T10:05:42Z piper-device whisper-sherpa-hint synth-piper-2spk-overlap-s0102 pipeline=whisper-sherpa hint=1 n_active=2
# audio /Users/mivi/Desktop/plaud-harness/build/synthetic/piper/synth-piper-2spk-overlap-s0102/device/recording.ogg
# load average at start: { 10.36 6.99 6.97 }
# swap at start: total = 9216.00M  used = 7981.56M  free = 1234.44M  (encrypted)
whisper-sherpa: 68 segments, 2 speakers, 45.32s -> /Users/mivi/Desktop/plaud-harness/build/v5/hyp/piper-device/whisper-sherpa-hint/synth-piper-2spk-overlap-s0102.partial/hyp.json (+ .rttm, .stm)
       47.25 real       175.22 user        20.33 sys
          1253621760  maximum resident set size
                   0  average shared memory size
                   0  average unshared data size
                   0  average unshared stack size
             2190721  page reclaims
                3424  page faults
                   0  swaps
                   0  block input operations
                   0  block output operations
                   0  messages sent
                   0  messages received
                   0  signals received
                1491  voluntary context switches
             1335228  involuntary context switches
       1025731370968  instructions retired
        351386974020  cycles elapsed
          1434539648  peak memory footprint
# load average at end: { 7.94 6.83 6.91 }
# exit 0
