# 2026-09-25T09:02:19Z piper energy-vad-cluster-hint synth-piper-4spk-s0104 pipeline=energy-vad-cluster hint=1 n_active=4
# audio /Users/mivi/Desktop/plaud-harness/build/synthetic/piper/synth-piper-4spk-s0104/mix.wav
# load average at start: { 2.02 2.15 2.57 }
# swap at start: total = 8192.00M  used = 6781.38M  free = 1410.62M  (encrypted)
energy-vad-cluster: 94 segments, 4 speakers, 0.34s -> /Users/mivi/Desktop/plaud-harness/build/v5/hyp/piper/energy-vad-cluster-hint/synth-piper-4spk-s0104.partial/hyp.json (+ .rttm, .stm)
        0.61 real         0.56 user         0.04 sys
           147111936  maximum resident set size
                   0  average shared memory size
                   0  average unshared data size
                   0  average unshared stack size
               11980  page reclaims
                   0  page faults
                   0  swaps
                   0  block input operations
                   0  block output operations
                   0  messages sent
                   0  messages received
                   0  signals received
                   0  voluntary context switches
                  59  involuntary context switches
          6793520026  instructions retired
          1920343457  cycles elapsed
           127108480  peak memory footprint
# load average at end: { 2.02 2.15 2.57 }
# exit 0
