# 2026-09-25T09:36:18Z ami whisper-sherpa-hint EN2002a pipeline=whisper-sherpa hint=1 n_active=4
# audio /Users/mivi/Desktop/plaud-harness/data/corpora/ami/meetings/EN2002a/mix.wav
# load average at start: { 19.26 10.47 7.52 }
# swap at start: total = 9216.00M  used = 8414.38M  free = 801.62M  (encrypted)
whisper-sherpa: 901 segments, 4 speakers, 729.95s -> /Users/mivi/Desktop/plaud-harness/build/v5/hyp/ami/whisper-sherpa-hint/EN2002a.partial/hyp.json (+ .rttm, .stm)
      732.12 real      2920.13 user       174.61 sys
          1621262336  maximum resident set size
                   0  average shared memory size
                   0  average unshared data size
                   0  average unshared stack size
             9097147  page reclaims
                3678  page faults
                   0  swaps
                   0  block input operations
                   0  block output operations
                   0  messages sent
                   0  messages received
                   0  signals received
                9171  voluntary context switches
            21176580  involuntary context switches
      16683270890288  instructions retired
       5662714500863  cycles elapsed
          3314967680  peak memory footprint
# load average at end: { 7.03 8.26 7.63 }
# exit 0
