09-25 13:05:31.445   537   906 V SplashScreenExceptionList: SplashScreen checking exception for package com.plaud.template (target sdk:34) -> false
09-25 13:05:31.522   537   906 I ActivityTaskManager: START u0 {flg=0x10000000 cmp=com.plaud.template/.debug.WifiCaptureActivity (has extras)} with LAUNCH_MULTIPLE from uid 2000 (BAL_ALLOW_PERMISSION) result code=0
09-25 13:05:31.550   928   928 V WifiManager: unregisterNetworkRequestMatchCallback: callback=com.android.settings.wifi.NetworkRequestDialogActivity@4ef2e9e
09-25 13:05:31.717   537   569 I ActivityManager: Start proc 6235:com.plaud.template/u0a193 for next-top-activity {com.plaud.template/com.plaud.template.debug.WifiCaptureActivity}
09-25 13:05:31.816   537   558 V WindowManager:     info={id=11 t=OPEN f=0x0 trk=0 r=[0@Point(0, 0)] c=[{WCT{RemoteToken{9e16385 Task{58ca2f6 #44 type=standard A=10193:com.plaud.template}}} m=OPEN f=NONE leash=Surface(name=Task=44)/@0x3475def sb=Rect(0, 0 - 1080, 2400) eb=Rect(0, 0 - 1080, 2400) d=0},{WCT{RemoteToken{9f152 Task{ce2baf #42 type=standard A=1000:.wifi.NetworkRequestDialogActivity}}} m=TO_BACK f=TRANSLUCENT leash=Surface(name=Task=42)/@0x6f349df sb=Rect(0, 0 - 1080, 2400) eb=Rect(0, 0 - 1080, 2400) d=0},{WCT{RemoteToken{91aaafb Task{9b6857a #1 type=home}}} m=TO_BACK f=SHOW_WALLPAPER leash=Surface(name=Task=1)/@0x16b4378 sb=Rect(0, 0 - 1080, 2400) eb=Rect(0, 0 - 1080, 2400) d=0}]}
09-25 13:05:32.000  6235  6235 W ziparchive: Unable to open '/data/app/~~wDLGGby_lIxiZtG5W6FrXQ==/com.plaud.template-6RMcX0XasXQfHpc2d9XVMA==/base.dm': No such file or directory
09-25 13:05:32.000  6235  6235 W ziparchive: Unable to open '/data/app/~~wDLGGby_lIxiZtG5W6FrXQ==/com.plaud.template-6RMcX0XasXQfHpc2d9XVMA==/base.dm': No such file or directory
09-25 13:05:32.526  6235  6235 D nativeloader: Configuring clns-6 for other apk /data/app/~~wDLGGby_lIxiZtG5W6FrXQ==/com.plaud.template-6RMcX0XasXQfHpc2d9XVMA==/base.apk. target_sdk_version=34, uses_libraries=, library_path=/data/app/~~wDLGGby_lIxiZtG5W6FrXQ==/com.plaud.template-6RMcX0XasXQfHpc2d9XVMA==/lib/arm64:/data/app/~~wDLGGby_lIxiZtG5W6FrXQ==/com.plaud.template-6RMcX0XasXQfHpc2d9XVMA==/base.apk!/lib/arm64-v8a, permitted_path=/data:/mnt/expand:/data/user/0/com.plaud.template
09-25 13:05:32.535  6235  6235 V GraphicsEnvironment: ANGLE GameManagerService for com.plaud.template: false
09-25 13:05:32.535  6235  6235 V GraphicsEnvironment: com.plaud.template is not listed in per-application setting
09-25 13:05:32.747   537   906 D ConnectivityService: requestNetwork for uid/pid:10193/6235 activeRequest: null callbackRequest: 167 [NetworkRequest [ REQUEST id=167, [ Transports: WIFI Capabilities: NOT_RESTRICTED&TRUSTED&NOT_VPN&NOT_VCN_MANAGED Uid: 10193 RequestorUid: 10193 RequestorPkg: com.plaud.template UnderlyingNetworks: Null] ]] callback flags: 0 order: 2147483647
09-25 13:05:32.749   537   676 D WifiNetworkFactory: got request NetworkRequest [ REQUEST id=167, [ Transports: WIFI Capabilities: NOT_RESTRICTED&TRUSTED&NOT_VPN&NOT_VCN_MANAGED Uid: 10193 RequestorUid: 10193 RequestorPkg: com.plaud.template UnderlyingNetworks: Null] ]
09-25 13:05:32.749   537   676 D UntrustedWifiNetworkFactory: got request NetworkRequest [ REQUEST id=167, [ Transports: WIFI Capabilities: NOT_RESTRICTED&TRUSTED&NOT_VPN&NOT_VCN_MANAGED Uid: 10193 RequestorUid: 10193 RequestorPkg: com.plaud.template UnderlyingNetworks: Null] ]
09-25 13:05:32.749   537   676 D OemPaidWifiNetworkFactory: got request NetworkRequest [ REQUEST id=167, [ Transports: WIFI Capabilities: NOT_RESTRICTED&TRUSTED&NOT_VPN&NOT_VCN_MANAGED Uid: 10193 RequestorUid: 10193 RequestorPkg: com.plaud.template UnderlyingNetworks: Null] ]
09-25 13:05:32.749   537   676 D MultiInternetWifiNetworkFactory: got request NetworkRequest [ REQUEST id=167, [ Transports: WIFI Capabilities: NOT_RESTRICTED&TRUSTED&NOT_VPN&NOT_VCN_MANAGED Uid: 10193 RequestorUid: 10193 RequestorPkg: com.plaud.template UnderlyingNetworks: Null] ]
09-25 13:05:32.791   887  1244 D BtGatt.ScanManager: startScan()  [ScanClient scanModeApp 1 scanModeUsed 1 [appScanStats com.plaud.template]]
09-25 13:05:32.792   887  1154 D BtGatt.ScanManager: scanMode is upgraded for  [ScanClient scanModeApp 1 scanModeUsed 2 [appScanStats com.plaud.template]]
09-25 13:05:32.796   887  1154 D BtGatt.ScanManager: Start gattClientScanNative with old scanMode 0 new scanMode 2 ( in MS: 100 / 100, in scan unit: 160 / 160 ) [ScanClient scanModeApp 1 scanModeUsed 2 [appScanStats com.plaud.template]]
09-25 13:05:32.967   537   558 W ziparchive: Unable to open '/data/app/~~wDLGGby_lIxiZtG5W6FrXQ==/com.plaud.template-6RMcX0XasXQfHpc2d9XVMA==/base.dm': No such file or directory
09-25 13:05:32.970   537   558 I ActivityTaskManager: Displayed com.plaud.template/.debug.WifiCaptureActivity for user 0: +1s557ms
09-25 13:05:33.508   537  1407 W InputManager-JNI: Input channel object 'f57f882 Splash Screen com.plaud.template (client)' was disposed without first being removed with the input manager!
09-25 13:05:33.763   887  1154 D BtGatt.ScanManager: handling stopping scan  [ScanClient scanModeApp 1 scanModeUsed 2 [appScanStats com.plaud.template]]
09-25 13:05:37.611   537   906 D ConnectivityService: requestNetwork for uid/pid:10193/6235 activeRequest: null callbackRequest: 168 [NetworkRequest [ REQUEST id=168, [ Transports: WIFI Capabilities: NOT_RESTRICTED&TRUSTED&NOT_VPN Specifier: <WifiNetworkSpecifier [, SSID Match pattern=PatternMatcher{LITERAL: PLAUD0001}, BSSID Match pattern=Pair{00:00:00:00:00:00 00:00:00:00:00:00}, SSID="PLAUD0001", BSSID=null, band=-1]> Uid: 10193 RequestorUid: 10193 RequestorPkg: com.plaud.template UnderlyingNetworks: Null] ]] callback flags: 0 order: 2147483647
09-25 13:05:37.614   537   676 D WifiNetworkFactory: got request NetworkRequest [ REQUEST id=168, [ Transports: WIFI Capabilities: NOT_RESTRICTED&TRUSTED&NOT_VPN Specifier: <WifiNetworkSpecifier [, SSID Match pattern=PatternMatcher{LITERAL: PLAUD0001}, BSSID Match pattern=Pair{00:00:00:00:00:00 00:00:00:00:00:00}, SSID="PLAUD0001", BSSID=null, band=-1]> Uid: 10193 RequestorUid: 10193 RequestorPkg: com.plaud.template UnderlyingNetworks: Null] ]
09-25 13:05:37.631   537   676 I ActivityTaskManager: START u0 {act=com.android.settings.wifi.action.NETWORK_REQUEST cat=[android.intent.category.DEFAULT] flg=0x10400000 cmp=com.android.settings/.wifi.NetworkRequestDialogActivity (has extras)} with LAUNCH_SINGLE_TOP from uid 1000 (BAL_ALLOW_ALLOWLISTED_UID) result code=2
09-25 13:05:37.632   537   676 D UntrustedWifiNetworkFactory: got request NetworkRequest [ REQUEST id=168, [ Transports: WIFI Capabilities: NOT_RESTRICTED&TRUSTED&NOT_VPN Specifier: <WifiNetworkSpecifier [, SSID Match pattern=PatternMatcher{LITERAL: PLAUD0001}, BSSID Match pattern=Pair{00:00:00:00:00:00 00:00:00:00:00:00}, SSID="PLAUD0001", BSSID=null, band=-1]> Uid: 10193 RequestorUid: 10193 RequestorPkg: com.plaud.template UnderlyingNetworks: Null] ]
09-25 13:05:37.632   537   676 D OemPaidWifiNetworkFactory: got request NetworkRequest [ REQUEST id=168, [ Transports: WIFI Capabilities: NOT_RESTRICTED&TRUSTED&NOT_VPN Specifier: <WifiNetworkSpecifier [, SSID Match pattern=PatternMatcher{LITERAL: PLAUD0001}, BSSID Match pattern=Pair{00:00:00:00:00:00 00:00:00:00:00:00}, SSID="PLAUD0001", BSSID=null, band=-1]> Uid: 10193 RequestorUid: 10193 RequestorPkg: com.plaud.template UnderlyingNetworks: Null] ]
09-25 13:05:37.637   537   676 D MultiInternetWifiNetworkFactory: got request NetworkRequest [ REQUEST id=168, [ Transports: WIFI Capabilities: NOT_RESTRICTED&TRUSTED&NOT_VPN Specifier: <WifiNetworkSpecifier [, SSID Match pattern=PatternMatcher{LITERAL: PLAUD0001}, BSSID Match pattern=Pair{00:00:00:00:00:00 00:00:00:00:00:00}, SSID="PLAUD0001", BSSID=null, band=-1]> Uid: 10193 RequestorUid: 10193 RequestorPkg: com.plaud.template UnderlyingNetworks: Null] ]
09-25 13:05:37.655   928   928 V WifiManager: registerNetworkRequestMatchCallback: callback=com.android.settings.wifi.NetworkRequestDialogActivity@4ef2e9e, executor=android.os.HandlerExecutor@5b8b0be
09-25 13:05:37.856  6235  6312 D ProfileInstaller: Installing profile for com.plaud.template
09-25 13:05:38.127   537   558 V WindowManager:     info={id=12 t=OPEN f=0x0 trk=0 r=[0@Point(0, 0)] c=[{WCT{RemoteToken{9f152 Task{ce2baf #42 type=standard A=1000:.wifi.NetworkRequestDialogActivity}}} m=TO_FRONT f=TRANSLUCENT|MOVE_TO_TOP leash=Surface(name=Task=42)/@0x6f349df sb=Rect(0, 0 - 1080, 2400) eb=Rect(0, 0 - 1080, 2400) d=0}]}
09-25 13:06:07.618   537   683 D ConnectivityService: releasing NetworkRequest [ REQUEST id=168, [ Transports: WIFI Capabilities: NOT_RESTRICTED&TRUSTED&NOT_VPN Specifier: <WifiNetworkSpecifier [, SSID Match pattern=PatternMatcher{LITERAL: PLAUD0001}, BSSID Match pattern=Pair{00:00:00:00:00:00 00:00:00:00:00:00}, SSID="PLAUD0001", BSSID=null, band=-1]> Uid: 10193 RequestorUid: 10193 RequestorPkg: com.plaud.template UnderlyingNetworks: Null] ] (timeout)
09-25 13:06:07.620   537   676 I WifiNetworkFactory: App released active request, cancelling NetworkRequest [ REQUEST id=168, [ Transports: WIFI Capabilities: NOT_RESTRICTED&TRUSTED&NOT_VPN Specifier: <WifiNetworkSpecifier [, SSID Match pattern=PatternMatcher{LITERAL: PLAUD0001}, BSSID Match pattern=Pair{00:00:00:00:00:00 00:00:00:00:00:00}, SSID="PLAUD0001", BSSID=null, band=-1]> Uid: 10193 RequestorUid: 10193 RequestorPkg: com.plaud.template UnderlyingNetworks: Null] ]
09-25 13:06:07.621   537   676 D WifiNetworkFactory: releaseRequestAsUnfulfillableByAnyFactory: NetworkRequest [ REQUEST id=168, [ Transports: WIFI Capabilities: NOT_RESTRICTED&TRUSTED&NOT_VPN Specifier: <WifiNetworkSpecifier [, SSID Match pattern=PatternMatcher{LITERAL: PLAUD0001}, BSSID Match pattern=Pair{00:00:00:00:00:00 00:00:00:00:00:00}, SSID="PLAUD0001", BSSID=null, band=-1]> Uid: 10193 RequestorUid: 10193 RequestorPkg: com.plaud.template UnderlyingNetworks: Null] ]
