09-25 13:08:50.172   537  1984 V SplashScreenExceptionList: SplashScreen checking exception for package com.plaud.template (target sdk:34) -> false
09-25 13:08:50.183   537  1984 I ActivityTaskManager: START u0 {flg=0x10000000 cmp=com.plaud.template/.debug.WifiCaptureActivity (has extras)} with LAUNCH_MULTIPLE from uid 2000 (BAL_ALLOW_PERMISSION) result code=0
09-25 13:08:50.190   928   928 V WifiManager: unregisterNetworkRequestMatchCallback: callback=com.android.settings.wifi.NetworkRequestDialogActivity@4ef2e9e
09-25 13:08:50.350   537   569 I ActivityManager: Start proc 6776:com.plaud.template/u0a193 for next-top-activity {com.plaud.template/com.plaud.template.debug.WifiCaptureActivity}
09-25 13:08:50.715   537   558 V WindowManager:     info={id=16 t=OPEN f=0x0 trk=0 r=[0@Point(0, 0)] c=[{WCT{RemoteToken{48b9f74 Task{423f029 #46 type=standard A=10193:com.plaud.template}}} m=OPEN f=NONE leash=Surface(name=Task=46)/@0xf4a4686 sb=Rect(0, 0 - 1080, 2400) eb=Rect(0, 0 - 1080, 2400) d=0},{WCT{RemoteToken{9f152 Task{ce2baf #42 type=standard A=1000:.wifi.NetworkRequestDialogActivity}}} m=TO_BACK f=TRANSLUCENT leash=Surface(name=Task=42)/@0x6f349df sb=Rect(0, 0 - 1080, 2400) eb=Rect(0, 0 - 1080, 2400) d=0},{WCT{RemoteToken{91aaafb Task{9b6857a #1 type=home}}} m=TO_BACK f=SHOW_WALLPAPER leash=Surface(name=Task=1)/@0x16b4378 sb=Rect(0, 0 - 1080, 2400) eb=Rect(0, 0 - 1080, 2400) d=0}]}
09-25 13:08:50.763  6776  6776 W ziparchive: Unable to open '/data/app/~~wDLGGby_lIxiZtG5W6FrXQ==/com.plaud.template-6RMcX0XasXQfHpc2d9XVMA==/base.dm': No such file or directory
09-25 13:08:50.763  6776  6776 W ziparchive: Unable to open '/data/app/~~wDLGGby_lIxiZtG5W6FrXQ==/com.plaud.template-6RMcX0XasXQfHpc2d9XVMA==/base.dm': No such file or directory
09-25 13:08:51.365  6776  6776 D nativeloader: Configuring clns-6 for other apk /data/app/~~wDLGGby_lIxiZtG5W6FrXQ==/com.plaud.template-6RMcX0XasXQfHpc2d9XVMA==/base.apk. target_sdk_version=34, uses_libraries=, library_path=/data/app/~~wDLGGby_lIxiZtG5W6FrXQ==/com.plaud.template-6RMcX0XasXQfHpc2d9XVMA==/lib/arm64:/data/app/~~wDLGGby_lIxiZtG5W6FrXQ==/com.plaud.template-6RMcX0XasXQfHpc2d9XVMA==/base.apk!/lib/arm64-v8a, permitted_path=/data:/mnt/expand:/data/user/0/com.plaud.template
09-25 13:08:51.381  6776  6776 V GraphicsEnvironment: ANGLE GameManagerService for com.plaud.template: false
09-25 13:08:51.381  6776  6776 V GraphicsEnvironment: com.plaud.template is not listed in per-application setting
09-25 13:08:51.562   537   861 D ConnectivityService: requestNetwork for uid/pid:10193/6776 activeRequest: null callbackRequest: 173 [NetworkRequest [ REQUEST id=173, [ Transports: WIFI Capabilities: NOT_RESTRICTED&TRUSTED&NOT_VPN&NOT_VCN_MANAGED Uid: 10193 RequestorUid: 10193 RequestorPkg: com.plaud.template UnderlyingNetworks: Null] ]] callback flags: 0 order: 2147483647
09-25 13:08:51.566   537   676 D WifiNetworkFactory: got request NetworkRequest [ REQUEST id=173, [ Transports: WIFI Capabilities: NOT_RESTRICTED&TRUSTED&NOT_VPN&NOT_VCN_MANAGED Uid: 10193 RequestorUid: 10193 RequestorPkg: com.plaud.template UnderlyingNetworks: Null] ]
09-25 13:08:51.566   537   676 D UntrustedWifiNetworkFactory: got request NetworkRequest [ REQUEST id=173, [ Transports: WIFI Capabilities: NOT_RESTRICTED&TRUSTED&NOT_VPN&NOT_VCN_MANAGED Uid: 10193 RequestorUid: 10193 RequestorPkg: com.plaud.template UnderlyingNetworks: Null] ]
09-25 13:08:51.566   537   676 D OemPaidWifiNetworkFactory: got request NetworkRequest [ REQUEST id=173, [ Transports: WIFI Capabilities: NOT_RESTRICTED&TRUSTED&NOT_VPN&NOT_VCN_MANAGED Uid: 10193 RequestorUid: 10193 RequestorPkg: com.plaud.template UnderlyingNetworks: Null] ]
09-25 13:08:51.566   537   676 D MultiInternetWifiNetworkFactory: got request NetworkRequest [ REQUEST id=173, [ Transports: WIFI Capabilities: NOT_RESTRICTED&TRUSTED&NOT_VPN&NOT_VCN_MANAGED Uid: 10193 RequestorUid: 10193 RequestorPkg: com.plaud.template UnderlyingNetworks: Null] ]
09-25 13:08:51.585   887   921 D BtGatt.ScanManager: startScan()  [ScanClient scanModeApp 1 scanModeUsed 1 [appScanStats com.plaud.template]]
09-25 13:08:51.586   887  1154 D BtGatt.ScanManager: scanMode is upgraded for  [ScanClient scanModeApp 1 scanModeUsed 2 [appScanStats com.plaud.template]]
09-25 13:08:51.587   887  1154 D BtGatt.ScanManager: Start gattClientScanNative with old scanMode 0 new scanMode 2 ( in MS: 100 / 100, in scan unit: 160 / 160 ) [ScanClient scanModeApp 1 scanModeUsed 2 [appScanStats com.plaud.template]]
09-25 13:08:51.807   537   558 W ziparchive: Unable to open '/data/app/~~wDLGGby_lIxiZtG5W6FrXQ==/com.plaud.template-6RMcX0XasXQfHpc2d9XVMA==/base.dm': No such file or directory
09-25 13:08:51.810   537   558 I ActivityTaskManager: Displayed com.plaud.template/.debug.WifiCaptureActivity for user 0: +1s651ms
09-25 13:08:51.981   887  1154 D BtGatt.ScanManager: handling stopping scan  [ScanClient scanModeApp 1 scanModeUsed 2 [appScanStats com.plaud.template]]
09-25 13:08:52.225   537   861 W InputManager-JNI: Input channel object 'fe265e5 Splash Screen com.plaud.template (client)' was disposed without first being removed with the input manager!
09-25 13:08:57.526  6776  6854 D ProfileInstaller: Installing profile for com.plaud.template
