09-25 13:00:09.756   537  2002 V SplashScreenExceptionList: SplashScreen checking exception for package com.plaud.template (target sdk:34) -> false
09-25 13:00:09.762   537  2002 I ActivityTaskManager: START u0 {flg=0x10000000 cmp=com.plaud.template/.debug.WifiCaptureActivity (has extras)} with LAUNCH_MULTIPLE from uid 2000 (BAL_ALLOW_PERMISSION) result code=0
09-25 13:00:09.786   928   928 V WifiManager: unregisterNetworkRequestMatchCallback: callback=com.android.settings.wifi.NetworkRequestDialogActivity@4ef2e9e
09-25 13:00:09.932   537   569 I ActivityManager: Start proc 5824:com.plaud.template/u0a193 for next-top-activity {com.plaud.template/com.plaud.template.debug.WifiCaptureActivity}
09-25 13:00:10.170   537   558 V WindowManager:     info={id=8 t=OPEN f=0x0 trk=0 r=[0@Point(0, 0)] c=[{WCT{RemoteToken{fd88f8b Task{a30c6dd #43 type=standard A=10193:com.plaud.template}}} m=OPEN f=NONE leash=Surface(name=Task=43)/@0x8f32d05 sb=Rect(0, 0 - 1080, 2400) eb=Rect(0, 0 - 1080, 2400) d=0},{WCT{RemoteToken{9f152 Task{ce2baf #42 type=standard A=1000:.wifi.NetworkRequestDialogActivity}}} m=TO_BACK f=TRANSLUCENT leash=Surface(name=Task=42)/@0x6f349df sb=Rect(0, 0 - 1080, 2400) eb=Rect(0, 0 - 1080, 2400) d=0},{WCT{RemoteToken{91aaafb Task{9b6857a #1 type=home}}} m=TO_BACK f=SHOW_WALLPAPER leash=Surface(name=Task=1)/@0x16b4378 sb=Rect(0, 0 - 1080, 2400) eb=Rect(0, 0 - 1080, 2400) d=0}]}
09-25 13:00:10.340  5824  5824 W ziparchive: Unable to open '/data/app/~~wDLGGby_lIxiZtG5W6FrXQ==/com.plaud.template-6RMcX0XasXQfHpc2d9XVMA==/base.dm': No such file or directory
09-25 13:00:10.340  5824  5824 W ziparchive: Unable to open '/data/app/~~wDLGGby_lIxiZtG5W6FrXQ==/com.plaud.template-6RMcX0XasXQfHpc2d9XVMA==/base.dm': No such file or directory
09-25 13:00:10.824  5824  5824 D nativeloader: Configuring clns-6 for other apk /data/app/~~wDLGGby_lIxiZtG5W6FrXQ==/com.plaud.template-6RMcX0XasXQfHpc2d9XVMA==/base.apk. target_sdk_version=34, uses_libraries=, library_path=/data/app/~~wDLGGby_lIxiZtG5W6FrXQ==/com.plaud.template-6RMcX0XasXQfHpc2d9XVMA==/lib/arm64:/data/app/~~wDLGGby_lIxiZtG5W6FrXQ==/com.plaud.template-6RMcX0XasXQfHpc2d9XVMA==/base.apk!/lib/arm64-v8a, permitted_path=/data:/mnt/expand:/data/user/0/com.plaud.template
09-25 13:00:10.837  5824  5824 V GraphicsEnvironment: ANGLE GameManagerService for com.plaud.template: false
09-25 13:00:10.837  5824  5824 V GraphicsEnvironment: com.plaud.template is not listed in per-application setting
09-25 13:00:10.989   537  1404 D ConnectivityService: requestNetwork for uid/pid:10193/5824 activeRequest: null callbackRequest: 161 [NetworkRequest [ REQUEST id=161, [ Transports: WIFI Capabilities: NOT_RESTRICTED&TRUSTED&NOT_VPN&NOT_VCN_MANAGED Uid: 10193 RequestorUid: 10193 RequestorPkg: com.plaud.template UnderlyingNetworks: Null] ]] callback flags: 0 order: 2147483647
09-25 13:00:10.990   537   676 D WifiNetworkFactory: got request NetworkRequest [ REQUEST id=161, [ Transports: WIFI Capabilities: NOT_RESTRICTED&TRUSTED&NOT_VPN&NOT_VCN_MANAGED Uid: 10193 RequestorUid: 10193 RequestorPkg: com.plaud.template UnderlyingNetworks: Null] ]
09-25 13:00:10.990   537   676 D UntrustedWifiNetworkFactory: got request NetworkRequest [ REQUEST id=161, [ Transports: WIFI Capabilities: NOT_RESTRICTED&TRUSTED&NOT_VPN&NOT_VCN_MANAGED Uid: 10193 RequestorUid: 10193 RequestorPkg: com.plaud.template UnderlyingNetworks: Null] ]
09-25 13:00:10.990   537   676 D OemPaidWifiNetworkFactory: got request NetworkRequest [ REQUEST id=161, [ Transports: WIFI Capabilities: NOT_RESTRICTED&TRUSTED&NOT_VPN&NOT_VCN_MANAGED Uid: 10193 RequestorUid: 10193 RequestorPkg: com.plaud.template UnderlyingNetworks: Null] ]
09-25 13:00:10.990   537   676 D MultiInternetWifiNetworkFactory: got request NetworkRequest [ REQUEST id=161, [ Transports: WIFI Capabilities: NOT_RESTRICTED&TRUSTED&NOT_VPN&NOT_VCN_MANAGED Uid: 10193 RequestorUid: 10193 RequestorPkg: com.plaud.template UnderlyingNetworks: Null] ]
09-25 13:00:11.011   887  5823 D BtGatt.ScanManager: startScan()  [ScanClient scanModeApp 1 scanModeUsed 1 [appScanStats com.plaud.template]]
09-25 13:00:11.011   887  1154 D BtGatt.ScanManager: scanMode is upgraded for  [ScanClient scanModeApp 1 scanModeUsed 2 [appScanStats com.plaud.template]]
09-25 13:00:11.013   887  1154 D BtGatt.ScanManager: Start gattClientScanNative with old scanMode 1 new scanMode 2 ( in MS: 100 / 100, in scan unit: 160 / 160 ) [ScanClient scanModeApp 1 scanModeUsed 2 [appScanStats com.plaud.template]]
09-25 13:00:11.174   537   558 W ziparchive: Unable to open '/data/app/~~wDLGGby_lIxiZtG5W6FrXQ==/com.plaud.template-6RMcX0XasXQfHpc2d9XVMA==/base.dm': No such file or directory
09-25 13:00:11.177   537   558 I ActivityTaskManager: Displayed com.plaud.template/.debug.WifiCaptureActivity for user 0: +1s429ms
09-25 13:00:11.366   887  1154 D BtGatt.ScanManager: handling stopping scan  [ScanClient scanModeApp 1 scanModeUsed 2 [appScanStats com.plaud.template]]
09-25 13:00:11.723   537  1986 W InputManager-JNI: Input channel object '64db9aa Splash Screen com.plaud.template (client)' was disposed without first being removed with the input manager!
09-25 13:00:15.094   537  1986 D ConnectivityService: requestNetwork for uid/pid:10193/5824 activeRequest: null callbackRequest: 162 [NetworkRequest [ REQUEST id=162, [ Transports: WIFI Capabilities: NOT_RESTRICTED&TRUSTED&NOT_VPN Specifier: <WifiNetworkSpecifier [, SSID Match pattern=PatternMatcher{LITERAL: PLAUD0001}, BSSID Match pattern=Pair{00:00:00:00:00:00 00:00:00:00:00:00}, SSID="PLAUD0001", BSSID=null, band=-1]> Uid: 10193 RequestorUid: 10193 RequestorPkg: com.plaud.template UnderlyingNetworks: Null] ]] callback flags: 0 order: 2147483647
09-25 13:00:15.101   537   676 D WifiNetworkFactory: got request NetworkRequest [ REQUEST id=162, [ Transports: WIFI Capabilities: NOT_RESTRICTED&TRUSTED&NOT_VPN Specifier: <WifiNetworkSpecifier [, SSID Match pattern=PatternMatcher{LITERAL: PLAUD0001}, BSSID Match pattern=Pair{00:00:00:00:00:00 00:00:00:00:00:00}, SSID="PLAUD0001", BSSID=null, band=-1]> Uid: 10193 RequestorUid: 10193 RequestorPkg: com.plaud.template UnderlyingNetworks: Null] ]
09-25 13:00:15.119   537   676 I ActivityTaskManager: START u0 {act=com.android.settings.wifi.action.NETWORK_REQUEST cat=[android.intent.category.DEFAULT] flg=0x10400000 cmp=com.android.settings/.wifi.NetworkRequestDialogActivity (has extras)} with LAUNCH_SINGLE_TOP from uid 1000 (BAL_ALLOW_ALLOWLISTED_UID) result code=2
09-25 13:00:15.120   537   676 D UntrustedWifiNetworkFactory: got request NetworkRequest [ REQUEST id=162, [ Transports: WIFI Capabilities: NOT_RESTRICTED&TRUSTED&NOT_VPN Specifier: <WifiNetworkSpecifier [, SSID Match pattern=PatternMatcher{LITERAL: PLAUD0001}, BSSID Match pattern=Pair{00:00:00:00:00:00 00:00:00:00:00:00}, SSID="PLAUD0001", BSSID=null, band=-1]> Uid: 10193 RequestorUid: 10193 RequestorPkg: com.plaud.template UnderlyingNetworks: Null] ]
09-25 13:00:15.120   537   676 D OemPaidWifiNetworkFactory: got request NetworkRequest [ REQUEST id=162, [ Transports: WIFI Capabilities: NOT_RESTRICTED&TRUSTED&NOT_VPN Specifier: <WifiNetworkSpecifier [, SSID Match pattern=PatternMatcher{LITERAL: PLAUD0001}, BSSID Match pattern=Pair{00:00:00:00:00:00 00:00:00:00:00:00}, SSID="PLAUD0001", BSSID=null, band=-1]> Uid: 10193 RequestorUid: 10193 RequestorPkg: com.plaud.template UnderlyingNetworks: Null] ]
09-25 13:00:15.121   537   676 D MultiInternetWifiNetworkFactory: got request NetworkRequest [ REQUEST id=162, [ Transports: WIFI Capabilities: NOT_RESTRICTED&TRUSTED&NOT_VPN Specifier: <WifiNetworkSpecifier [, SSID Match pattern=PatternMatcher{LITERAL: PLAUD0001}, BSSID Match pattern=Pair{00:00:00:00:00:00 00:00:00:00:00:00}, SSID="PLAUD0001", BSSID=null, band=-1]> Uid: 10193 RequestorUid: 10193 RequestorPkg: com.plaud.template UnderlyingNetworks: Null] ]
09-25 13:00:15.165   928   928 V WifiManager: registerNetworkRequestMatchCallback: callback=com.android.settings.wifi.NetworkRequestDialogActivity@4ef2e9e, executor=android.os.HandlerExecutor@b4f6566
09-25 13:00:15.415   537   558 V WindowManager:     info={id=9 t=OPEN f=0x0 trk=0 r=[0@Point(0, 0)] c=[{WCT{RemoteToken{9f152 Task{ce2baf #42 type=standard A=1000:.wifi.NetworkRequestDialogActivity}}} m=TO_FRONT f=TRANSLUCENT|MOVE_TO_TOP leash=Surface(name=Task=42)/@0x6f349df sb=Rect(0, 0 - 1080, 2400) eb=Rect(0, 0 - 1080, 2400) d=0}]}
09-25 13:00:16.371  5824  5923 D ProfileInstaller: Installing profile for com.plaud.template
09-25 13:00:45.118   537   683 D ConnectivityService: releasing NetworkRequest [ REQUEST id=162, [ Transports: WIFI Capabilities: NOT_RESTRICTED&TRUSTED&NOT_VPN Specifier: <WifiNetworkSpecifier [, SSID Match pattern=PatternMatcher{LITERAL: PLAUD0001}, BSSID Match pattern=Pair{00:00:00:00:00:00 00:00:00:00:00:00}, SSID="PLAUD0001", BSSID=null, band=-1]> Uid: 10193 RequestorUid: 10193 RequestorPkg: com.plaud.template UnderlyingNetworks: Null] ] (timeout)
09-25 13:00:45.121   537   676 I WifiNetworkFactory: App released active request, cancelling NetworkRequest [ REQUEST id=162, [ Transports: WIFI Capabilities: NOT_RESTRICTED&TRUSTED&NOT_VPN Specifier: <WifiNetworkSpecifier [, SSID Match pattern=PatternMatcher{LITERAL: PLAUD0001}, BSSID Match pattern=Pair{00:00:00:00:00:00 00:00:00:00:00:00}, SSID="PLAUD0001", BSSID=null, band=-1]> Uid: 10193 RequestorUid: 10193 RequestorPkg: com.plaud.template UnderlyingNetworks: Null] ]
09-25 13:00:45.123   537   676 D WifiNetworkFactory: releaseRequestAsUnfulfillableByAnyFactory: NetworkRequest [ REQUEST id=162, [ Transports: WIFI Capabilities: NOT_RESTRICTED&TRUSTED&NOT_VPN Specifier: <WifiNetworkSpecifier [, SSID Match pattern=PatternMatcher{LITERAL: PLAUD0001}, BSSID Match pattern=Pair{00:00:00:00:00:00 00:00:00:00:00:00}, SSID="PLAUD0001", BSSID=null, band=-1]> Uid: 10193 RequestorUid: 10193 RequestorPkg: com.plaud.template UnderlyingNetworks: Null] ]
