09-25 13:08:50.400  6776  6776 I .plaud.template: Late-enabling -Xcheck:jni
09-25 13:08:50.586  6776  6776 I .plaud.template: Using CollectorTypeCC GC.
09-25 13:08:50.732  6776  6776 D CompatibilityChangeReporter: Compat change id reported: 171979766; UID 10193; state: ENABLED
09-25 13:08:50.743  6776  6776 D CompatibilityChangeReporter: Compat change id reported: 242716250; UID 10193; state: ENABLED
09-25 13:08:50.763  6776  6776 W ziparchive: Unable to open '/data/app/~~wDLGGby_lIxiZtG5W6FrXQ==/com.plaud.template-6RMcX0XasXQfHpc2d9XVMA==/base.dm': No such file or directory
09-25 13:08:50.763  6776  6776 W ziparchive: Unable to open '/data/app/~~wDLGGby_lIxiZtG5W6FrXQ==/com.plaud.template-6RMcX0XasXQfHpc2d9XVMA==/base.dm': No such file or directory
09-25 13:08:51.365  6776  6776 D nativeloader: Configuring clns-6 for other apk /data/app/~~wDLGGby_lIxiZtG5W6FrXQ==/com.plaud.template-6RMcX0XasXQfHpc2d9XVMA==/base.apk. target_sdk_version=34, uses_libraries=, library_path=/data/app/~~wDLGGby_lIxiZtG5W6FrXQ==/com.plaud.template-6RMcX0XasXQfHpc2d9XVMA==/lib/arm64:/data/app/~~wDLGGby_lIxiZtG5W6FrXQ==/com.plaud.template-6RMcX0XasXQfHpc2d9XVMA==/base.apk!/lib/arm64-v8a, permitted_path=/data:/mnt/expand:/data/user/0/com.plaud.template
09-25 13:08:51.380  6776  6776 V GraphicsEnvironment: Currently set values for:
09-25 13:08:51.380  6776  6776 V GraphicsEnvironment:   angle_gl_driver_selection_pkgs=[]
09-25 13:08:51.380  6776  6776 V GraphicsEnvironment:   angle_gl_driver_selection_values=[]
09-25 13:08:51.381  6776  6776 V GraphicsEnvironment: ANGLE GameManagerService for com.plaud.template: false
09-25 13:08:51.381  6776  6776 V GraphicsEnvironment: com.plaud.template is not listed in per-application setting
09-25 13:08:51.381  6776  6776 V GraphicsEnvironment: Neither updatable production driver nor prerelease driver is supported.
09-25 13:08:51.415  6776  6801 D libEGL  : loaded /vendor/lib64/egl/libGLESv1_CM_emulation.so
09-25 13:08:51.418  6776  6801 D libEGL  : loaded /vendor/lib64/egl/libGLESv2_emulation.so
09-25 13:08:51.420  6776  6776 I WIFICAP : WIFICAP_START id="SYNTH-HIST-0001" mode=open arg="SYNTH-WIFI-USER-0001" hold=8
09-25 13:08:51.430  6776  6776 W .plaud.template: Accessing hidden method Landroid/app/AppGlobals;->getInitialApplication()Landroid/app/Application; (unsupported, reflection, allowed)
09-25 13:08:51.501  6776  6776 I PlaudSdk_SourceFile: Logger initialized. File logging is active.
09-25 13:08:51.503  6776  6776 D PlaudSdk_SourceFile: Initializing manager with base URL: https://api.plaud.ai
09-25 13:08:51.503  6776  6776 D PlaudSdk_SourceFile: Creating Retrofit service with base URL: https://api.plaud.ai
09-25 13:08:51.504  6776  6776 W .plaud.template: Accessing hidden method Ljava/lang/invoke/MethodHandles$Lookup;-><init>(Ljava/lang/Class;I)V (unsupported, reflection, allowed)
09-25 13:08:51.519  6776  6776 D PlaudSdk_SourceFile: Set logging level using OkHttp 4.x 'level' property.
09-25 13:08:51.531  6776  6776 D PlaudSdk_SourceFile: Partner API: 已清除旧的缓存数据
09-25 13:08:51.532  6776  6776 D PlaudSdk_SourceFile: Creating Partner API service with base URL: https://platform-jp.plaud.ai
09-25 13:08:51.533  6776  6776 D PlaudSdk_SourceFile: Partner API: User Access Token set (length: 136)
09-25 13:08:51.534  6776  6776 I PlaudSdk_SourceFile: Partner API Token set successfully
09-25 13:08:51.535  6776  6776 I PlaudSdk_SourceFile: Partner API: Token 可用，正在获取 RSA 密钥对...
09-25 13:08:51.543  6776  6804 D PlaudSdk_SourceFile: Partner API: 正在获取 RSA 密钥对...
09-25 13:08:51.543  6776  6804 D PlaudSdk_SourceFile: Partner API: Generating RSA key pair...
09-25 13:08:51.551  6776  6776 I PenBleSDK-BleAgentImpl: --- create ---
09-25 13:08:51.552  6776  6776 D CompatibilityChangeReporter: Compat change id reported: 263076149; UID 10193; state: ENABLED
09-25 13:08:51.557  6776  6807 I PlaudSdk_SourceFile: PartnerRetrofitClient
09-25 13:08:51.557  6776  6807 I PlaudSdk_SourceFile: ╔══════════════════════════════════════════════════════════════
09-25 13:08:51.557  6776  6807 I PlaudSdk_SourceFile: ║ 🚀 REQUEST
09-25 13:08:51.557  6776  6807 I PlaudSdk_SourceFile: ╠══════════════════════════════════════════════════════════════
09-25 13:08:51.557  6776  6807 I PlaudSdk_SourceFile: ║ Method: POST
09-25 13:08:51.557  6776  6807 I PlaudSdk_SourceFile: ║ URL: https://platform-jp.plaud.ai/developer/api/open/partner/sdk/gen-key
09-25 13:08:51.557  6776  6807 I PlaudSdk_SourceFile: ╠──────────────────────────────────────────────────────────────
09-25 13:08:51.557  6776  6807 I PlaudSdk_SourceFile: ║ Headers:
09-25 13:08:51.557  6776  6807 I PlaudSdk_SourceFile: ║   Authorization: Bearer eyJhbGciOiJIUzI1NiIsInR..._SIGNATURE
09-25 13:08:51.557  6776  6807 I PlaudSdk_SourceFile: ╠──────────────────────────────────────────────────────────────
09-25 13:08:51.557  6776  6807 I PlaudSdk_SourceFile: ║ Request Body:
09-25 13:08:51.557  6776  6807 I PlaudSdk_SourceFile: ║   (empty)
09-25 13:08:51.557  6776  6807 I PlaudSdk_SourceFile: ╚══════════════════════════════════════════════════════════════
09-25 13:08:51.567  6776  6807 D TrafficStats: tagSocket(83) with statsTag=0xffffffff, statsUid=-1
09-25 13:08:51.572  6776  6776 I BluetoothManager: BLE Agent initialized successfully
09-25 13:08:51.574  6776  6776 I PlaudSdk_SourceFile: SDK initialized successfully
09-25 13:08:51.574  6776  6776 D BluetoothAdapter: isLeEnabled(): ON
09-25 13:08:51.577  6776  6804 E PlaudSdk_SourceFile: AppKey or AppSecret is null or empty.
09-25 13:08:51.580  6776  6794 D BluetoothLeScanner: onScannerRegistered() - status=0 scannerId=3 mScannerId=0
09-25 13:08:51.591  6776  6776 I WIFICAP : WIFICAP_SCAN_STARTED
09-25 13:08:51.604  6776  6776 D CompatibilityChangeReporter: Compat change id reported: 237531167; UID 10193; state: DISABLED
09-25 13:08:51.721  6776  6799 I Gralloc4: mapper 4.x is not supported
09-25 13:08:51.975  6776  6820 I WIFICAP : WIFICAP_SCAN sn=8810000001 projectCode=881 pv=7 wifiName=PLAUD0001
09-25 13:08:51.975  6776  6820 I PenBleSDK-BluetoothLeOperation: stopScanBLE
09-25 13:08:51.975  6776  6820 D BluetoothAdapter: isLeEnabled(): ON
09-25 13:08:52.020  6776  6820 W PlaudDeviceAgent: recoveryConnect WARNING: token 长度=13，预期 32 hex（底层会补零/截断）
09-25 13:08:52.020  6776  6820 I PlaudDeviceAgent: recoveryConnect start sn=8810000001 protVersion=7 historicalUserId=SYNTH-HIST-0001 handshakeToken=SYNTHHIST0001 isForceClear=true (PRE_HANDSHAKE_AND_CLEAR/0xFE20)
09-25 13:08:52.022  6776  6820 W PenBleSDK-BleAgentImpl: bleConnectStage sn=sn:[5c4317a7] stage=start detail=sn=sn:[5c4317a7],mac=F0:1A:2B:3C:4D:5E
09-25 13:08:52.023  6776  6821 I PenBleSDK-BleAgentImpl: start validCustomer
09-25 13:08:52.023  6776  6821 I PenBleSDK-BleAgentImpl: validCustomer result: Pass
09-25 13:08:52.023  6776  6821 I PenBleSDK-BleAgentImpl: bleOperation.connection:F0:1A:2B:3C:4D:5E
09-25 13:08:52.023  6776  6821 W PenBleSDK-BleAgentImpl: bleConnectStage sn=sn:[5c4317a7] stage=gatt_connect
09-25 13:08:52.036  6776  6823 I PlaudDeviceAgent: bleConnectStage sn=8810000001 stage=gatt_connect
09-25 13:08:52.036  6776  6823 I WIFICAP : WIFICAP_STAGE stage="gatt_connect" detail="null"
09-25 13:08:52.041  6776  6822 I PlaudDeviceAgent: bleConnectStage sn=8810000001 stage=start detail=sn=sn:[5c4317a7],mac=F0:1A:2B:3C:4D:5E
09-25 13:08:52.042  6776  6822 I WIFICAP : WIFICAP_STAGE stage="start" detail="sn=sn:[5c4317a7],mac=F0:1A:2B:3C:4D:5E"
09-25 13:08:52.072  6776  6821 I PenBleSDK-BluetoothLeOperation: start connect conBtDevice name:null mac:F0:1A:2B:3C:4D:5E
09-25 13:08:52.078  6776  6821 D CompatibilityChangeReporter: Compat change id reported: 265103382; UID 10193; state: ENABLED
09-25 13:08:52.082  6776  6821 D BluetoothGatt: connect() - device: XX:XX:XX:XX:4D:5E, auto: false
09-25 13:08:52.082  6776  6821 D BluetoothGatt: registerApp()
09-25 13:08:52.098  6776  6821 D BluetoothGatt: registerApp() - UUID=b206de9a-6da4-4b88-8bca-2409f4810329
09-25 13:08:52.151  6776  6821 I PenBleSDK-BleAgentImpl: btStatusChange: CONNECTING
09-25 13:08:52.151  6776  6794 D BluetoothGatt: onClientRegistered() - status=0 clientIf=7
09-25 13:08:52.152  6776  6776 I PenBleSDK-TntAgent: btStatusChange:sn:[5c4317a7], CONNECTING
09-25 13:08:52.152  6776  6776 I PenBleSDK-TntAgent: cur sn:sn:[5c4317a7]
09-25 13:08:52.174  6776  6825 I BluetoothManager: Bluetooth status changed: CONNECTING
09-25 13:08:52.459  6776  6807 I PlaudSdk_SourceFile: PartnerRetrofitClient
09-25 13:08:52.459  6776  6807 I PlaudSdk_SourceFile: ╔══════════════════════════════════════════════════════════════
09-25 13:08:52.459  6776  6807 I PlaudSdk_SourceFile: ║ 📥 RESPONSE (889ms)
09-25 13:08:52.459  6776  6807 I PlaudSdk_SourceFile: ╠══════════════════════════════════════════════════════════════
09-25 13:08:52.459  6776  6807 I PlaudSdk_SourceFile: ║ Status: 401 
09-25 13:08:52.459  6776  6807 I PlaudSdk_SourceFile: ║ URL: https://platform-jp.plaud.ai/developer/api/open/partner/sdk/gen-key
09-25 13:08:52.459  6776  6807 I PlaudSdk_SourceFile: ╠──────────────────────────────────────────────────────────────
09-25 13:08:52.459  6776  6807 I PlaudSdk_SourceFile: ║ Response Headers:
09-25 13:08:52.459  6776  6807 I PlaudSdk_SourceFile: ║   date: Fri, 25 Sep 2026 07:38:52 GMT
09-25 13:08:52.459  6776  6807 I PlaudSdk_SourceFile: ║   content-type: application/json
09-25 13:08:52.459  6776  6807 I PlaudSdk_SourceFile: ║   server-timing: cfCacheStatus;desc="DYNAMIC"
09-25 13:08:52.459  6776  6807 I PlaudSdk_SourceFile: ║   server-timing: cfEdge;dur=139,cfOrigin;dur=4
09-25 13:08:52.459  6776  6807 I PlaudSdk_SourceFile: ║   x-request-id: 608ffe39b8ce284575b5911f1d653f53
09-25 13:08:52.459  6776  6807 I PlaudSdk_SourceFile: ║   vary: Accept-Encoding
09-25 13:08:52.459  6776  6807 I PlaudSdk_SourceFile: ║   cf-cache-status: DYNAMIC
09-25 13:08:52.459  6776  6807 I PlaudSdk_SourceFile: ║   server: cloudflare
09-25 13:08:52.459  6776  6807 I PlaudSdk_SourceFile: ║   cf-ray: a4085f2ccb4e2e9d-HYD
09-25 13:08:52.459  6776  6807 I PlaudSdk_SourceFile: ╠──────────────────────────────────────────────────────────────
09-25 13:08:52.459  6776  6807 I PlaudSdk_SourceFile: ║ Response Body:
09-25 13:08:52.459  6776  6807 I PlaudSdk_SourceFile: ║   {
09-25 13:08:52.459  6776  6807 I PlaudSdk_SourceFile: ║     "detail": "ACCESS_TOKEN_INVALID"
09-25 13:08:52.459  6776  6807 I PlaudSdk_SourceFile: ║   }
09-25 13:08:52.459  6776  6807 I PlaudSdk_SourceFile: ╚══════════════════════════════════════════════════════════════
09-25 13:08:52.472  6776  6804 E PlaudSdk_SourceFile: Partner API: Authentication failed for gen-key (401)
09-25 13:08:52.474  6776  6804 E PlaudSdk_SourceFile: Partner API: ✗ 获取 RSA 密钥对失败
09-25 13:08:52.898  6776  6794 D BluetoothGatt: onClientConnectionState() - status=0 clientIf=7 device=F0:1A:2B:3C:4D:5E
09-25 13:08:52.898  6776  6794 I PenBleSDK-BluetoothLeOperation: onConnectionStateChange:errorCode: 0 newState: CONNECTED isConnectFailUseDisConnect:false
09-25 13:08:52.902  6776  6794 D BluetoothGatt: configureMTU() - device: XX:XX:XX:XX:4D:5E mtu: 255
09-25 13:08:52.906  6776  6794 I PenBleSDK-BluetoothLeOperation: start requestMtu 255 true
09-25 13:08:52.910  6776  6794 D BluetoothGatt: onConnectionUpdated() - Device=F0:1A:2B:3C:4D:5E interval=6 latency=0 timeout=500 status=0
09-25 13:08:53.114  6776  6794 D BluetoothGatt: onConnectionUpdated() - Device=F0:1A:2B:3C:4D:5E interval=40 latency=0 timeout=500 status=0
09-25 13:08:53.122  6776  6794 D BluetoothGatt: onConfigureMTU() - Device=F0:1A:2B:3C:4D:5E mtu=517 status=0
09-25 13:08:53.123  6776  6794 I PenBleSDK-BluetoothLeOperation: onMtuChanged: 517 status: 0 isSetDefMtu: false
09-25 13:08:53.123  6776  6794 I PenBleSDK-BluetoothLeOperation: discoverServices
09-25 13:08:53.123  6776  6794 I PenBleSDK-BluetoothLeOperation: start discoverServices
09-25 13:08:53.123  6776  6794 D BluetoothGatt: discoverServices() - device: XX:XX:XX:XX:4D:5E
09-25 13:08:53.127  6776  6794 D BluetoothGatt: onSearchComplete() = Device=F0:1A:2B:3C:4D:5E Status=0
09-25 13:08:53.127  6776  6794 I PenBleSDK-BluetoothLeOperation: onServicesDiscovered status: 0
09-25 13:08:53.128  6776  6794 I PenBleSDK-BleAgentImpl: btStatusChange: CONNECTED
09-25 13:08:53.128  6776  6794 W PenBleSDK-BleAgentImpl: bleConnectStage sn=sn:[5c4317a7] stage=set_notify
09-25 13:08:53.129  6776  6794 I PenBleSDK-BleAgentImpl: New Battery Service
09-25 13:08:53.129  6776  6794 W PenBleSDK-BleAgentImpl: bleConnectStage sn=sn:[5c4317a7] stage=set_data_notify detail=new_battery_service_port_7
09-25 13:08:53.130  6776  6794 D BluetoothGatt: setCharacteristicNotification() - uuid: 00002bb0-0000-1000-8000-00805f9b34fb enable: true
09-25 13:08:53.130  6776  6842 I PlaudDeviceAgent: bleConnectStage sn=8810000001 stage=set_data_notify detail=new_battery_service_port_7
09-25 13:08:53.131  6776  6842 I WIFICAP : WIFICAP_STAGE stage="set_data_notify" detail="new_battery_service_port_7"
09-25 13:08:53.131  6776  6841 I PlaudDeviceAgent: bleConnectStage sn=8810000001 stage=set_notify
09-25 13:08:53.131  6776  6841 I WIFICAP : WIFICAP_STAGE stage="set_notify" detail="null"
09-25 13:08:53.148  6776  6831 I PenBleSDK-BluetoothLeOperation: -checkRequest-null-getRequestType-DescriptorWrite
09-25 13:08:53.161  6776  6794 I PenBleSDK-BluetoothLeOperation: -callBackRequest:null status:0
09-25 13:08:53.161  6776  6794 E BluetoothLeOperation: -callBackRequest:null status:0
09-25 13:08:53.162  6776  6794 W PenBleSDK-BleAgentImpl: bleConnectStage sn=sn:[5c4317a7] stage=first_handshake
09-25 13:08:53.163  6776  6794 I PenBleSDK-BleAgentImpl: handshake start
09-25 13:08:53.163  6776  6843 I PlaudDeviceAgent: bleConnectStage sn=8810000001 stage=first_handshake
09-25 13:08:53.163  6776  6843 I WIFICAP : WIFICAP_STAGE stage="first_handshake" detail="null"
09-25 13:08:53.181  6776  6831 I PenBleSDK-BluetoothLeOperation: 01010002000053594E54484849535430303031303030-checkRequest-[1, 2]-getRequestType-CharacteristicWrite
09-25 13:08:53.196  6776  6794 I PenBleSDK-BluetoothLeOperation: recv-cmd:cmd 1 01010000070005000100000056010000
09-25 13:08:53.196  6776  6794 I PenBleSDK-BluetoothLeOperation: cmd type:1
09-25 13:08:53.196  6776  6794 I PenBleSDK-BluetoothLeOperation: onCallback: 1
09-25 13:08:53.197  6776  6844 I PenBleSDK-BleAgentImpl: handshake data type1
09-25 13:08:53.198  6776  6844 I PenBleSDK-BleAgentImpl: old HandShakeRsp: l3{status=0, portVersion=7, timezone=5, timezoneMin=0, audioChannel=1, supportWifi=false, noNsAgc=false, isOggAudio=false, versionType=V, version=1}
09-25 13:08:53.198  6776  6844 I PenBleSDK-BleAgentImpl: audioChannel:1
09-25 13:08:53.198  6776  6844 I PenBleSDK-BleAgentImpl: supportWifi:false
09-25 13:08:53.198  6776  6844 I PenBleSDK-BleAgentImpl: noNsAgc:false
09-25 13:08:53.198  6776  6844 I PenBleSDK-BleAgentImpl: isOggAudio:false
09-25 13:08:53.198  6776  6844 W PenBleSDK-BleAgentImpl: bleConnectStage sn=sn:[5c4317a7] stage=first_handshake detail=old_protocol_ok
09-25 13:08:53.198  6776  6844 I PenBleSDK-BleAgentImpl: syncTimeCount:0
09-25 13:08:53.198  6776  6844 W PenBleSDK-BleAgentImpl: bleConnectStage sn=sn:[5c4317a7] stage=sync_time detail=attempt_0
09-25 13:08:53.199  6776  6844 E PenBleSDK-err: stamp:1790321933
09-25 13:08:53.199  6776  6844 E PenBleSDK-err: timeZone:5, min:30
09-25 13:08:53.199  6776  6844 I PenBleSDK-BleAgentImpl: getBatLevelCount:0
09-25 13:08:53.200  6776  6845 I PlaudDeviceAgent: bleConnectStage sn=8810000001 stage=first_handshake detail=old_protocol_ok
09-25 13:08:53.200  6776  6845 I WIFICAP : WIFICAP_STAGE stage="first_handshake" detail="old_protocol_ok"
09-25 13:08:53.201  6776  6846 I PlaudDeviceAgent: bleConnectStage sn=8810000001 stage=sync_time detail=attempt_0
09-25 13:08:53.201  6776  6846 I WIFICAP : WIFICAP_STAGE stage="sync_time" detail="attempt_0"
09-25 13:08:53.206  6776  6794 I PenBleSDK-BluetoothLeOperation: 01010002000053594E54484849535430303031303030-callBackRequest:[1, 2] status:0
09-25 13:08:53.206  6776  6794 E BluetoothLeOperation: 01010002000053594E54484849535430303031303030-callBackRequest:[1, 2] status:0
09-25 13:08:53.207  6776  6794 I PenBleSDK-BleAgentImpl: handshake sendSuccess errorCode:0
09-25 13:08:53.215  6776  6831 I PenBleSDK-BluetoothLeOperation: 0104000D25B66A051E-checkRequest-[4]-getRequestType-CharacteristicWrite
09-25 13:08:53.226  6776  6794 I PenBleSDK-BluetoothLeOperation: recv-cmd:cmd 4 01040000F153650000
09-25 13:08:53.226  6776  6794 I PenBleSDK-BluetoothLeOperation: cmd type:4
09-25 13:08:53.226  6776  6794 I PenBleSDK-BluetoothLeOperation: onCallback: 4
09-25 13:08:53.228  6776  6847 I PenBleSDK-BleAgentImpl: not Statistics data
09-25 13:08:53.229  6776  6776 I PenBleSDK-TntAgent: btStatusChange:sn:[5c4317a7], CONNECTED
09-25 13:08:53.229  6776  6776 I PenBleSDK-TntAgent: cur sn:sn:[5c4317a7]
09-25 13:08:53.229  6776  6848 I WIFICAP : WIFICAP_CONNECT_STATE state=1 t=1790321933229
09-25 13:08:53.229  6776  6848 I WIFICAP : WIFICAP_BIND sn="8810000001" status=0 protVersion=5 tz=5
09-25 13:08:53.229  6776  6848 I BluetoothManager: Bluetooth status changed: CONNECTED
09-25 13:08:53.236  6776  6794 I PenBleSDK-BluetoothLeOperation: 0104000D25B66A051E-callBackRequest:[4] status:0
09-25 13:08:53.236  6776  6794 E BluetoothLeOperation: 0104000D25B66A051E-callBackRequest:[4] status:0
09-25 13:08:53.248  6776  6831 I PenBleSDK-BluetoothLeOperation: 010900-checkRequest-[9]-getRequestType-CharacteristicWrite
09-25 13:08:53.260  6776  6794 I PenBleSDK-BluetoothLeOperation: recv-cmd:cmd 9 0109000057
09-25 13:08:53.261  6776  6794 I PenBleSDK-BluetoothLeOperation: cmd type:9
09-25 13:08:53.261  6776  6794 I PenBleSDK-BluetoothLeOperation: onCallback: 9
09-25 13:08:53.270  6776  6794 I PenBleSDK-BluetoothLeOperation: 010900-callBackRequest:[9] status:0
09-25 13:08:53.270  6776  6794 E BluetoothLeOperation: 010900-callBackRequest:[9] status:0
09-25 13:08:53.281  6776  6831 I PenBleSDK-BluetoothLeOperation: 010300-checkRequest-[3]-getRequestType-CharacteristicWrite
09-25 13:08:53.290  6776  6794 I PenBleSDK-BluetoothLeOperation: recv-cmd:cmd 3 010300011000000101000400F15365000000
09-25 13:08:53.290  6776  6794 I PenBleSDK-BluetoothLeOperation: cmd type:3
09-25 13:08:53.290  6776  6794 I PenBleSDK-BluetoothLeOperation: onCallback: 3
09-25 13:08:53.292  6776  6850 E PenBleSDK-zdk: get secnes-010300011000000101000400F15365000000
09-25 13:08:53.292  6776  6850 E PenBleSDK-zdk: get secnes-----------
09-25 13:08:53.292  6776  6850 I PenBleSDK-BleAgentImpl: getState after bind
09-25 13:08:53.301  6776  6794 I PenBleSDK-BluetoothLeOperation: 010300-callBackRequest:[3] status:0
09-25 13:08:53.301  6776  6794 E BluetoothLeOperation: 010300-callBackRequest:[3] status:0
09-25 13:08:53.314  6776  6831 I PenBleSDK-BluetoothLeOperation: 010800010F00-checkRequest-[8, 1015]-getRequestType-CharacteristicWrite
09-25 13:08:53.328  6776  6794 I PenBleSDK-BluetoothLeOperation: recv-cmd:cmd 8 0108000F0001000000
09-25 13:08:53.328  6776  6794 I PenBleSDK-BluetoothLeOperation: cmd type:8
09-25 13:08:53.337  6776  6794 I PenBleSDK-BluetoothLeOperation: 010800010F00-callBackRequest:[8, 1015] status:0
09-25 13:08:53.337  6776  6794 E BluetoothLeOperation: 010800010F00-callBackRequest:[8, 1015] status:0
09-25 13:08:53.348  6776  6831 I PenBleSDK-BluetoothLeOperation: 010800011100-checkRequest-[8, 1017]-getRequestType-CharacteristicWrite
09-25 13:08:53.362  6776  6794 I PenBleSDK-BluetoothLeOperation: recv-cmd:cmd 8 010800110001000000
09-25 13:08:53.362  6776  6794 I PenBleSDK-BluetoothLeOperation: cmd type:8
09-25 13:08:53.371  6776  6794 I PenBleSDK-BluetoothLeOperation: 010800011100-callBackRequest:[8, 1017] status:0
09-25 13:08:53.371  6776  6794 E BluetoothLeOperation: 010800011100-callBackRequest:[8, 1017] status:0
09-25 13:08:54.230  6776  6776 I WIFICAP : WIFICAP_SET_DEVICE_WIFI on=true t=1790321934230
09-25 13:08:54.257  6776  6831 I PenBleSDK-BluetoothLeOperation: 010A0001-checkRequest-[10]-getRequestType-CharacteristicWrite
09-25 13:08:54.272  6776  6794 I PenBleSDK-BluetoothLeOperation: recv-cmd:cmd 10 010A00003130303030303031
09-25 13:08:54.272  6776  6794 I PenBleSDK-BluetoothLeOperation: cmd type:10
09-25 13:08:54.272  6776  6794 I PenBleSDK-BluetoothLeOperation: onCallback: 10
09-25 13:08:54.273  6776  6853 I WIFICAP : WIFICAP_BLE_WIFI_OPEN status=0 wifiName="" wholeName="" passLen=0 t=1790321934273 rel=43
09-25 13:08:54.282  6776  6794 I PenBleSDK-BluetoothLeOperation: 010A0001-callBackRequest:[10] status:0
09-25 13:08:54.282  6776  6794 E BluetoothLeOperation: 010A0001-callBackRequest:[10] status:0
09-25 13:08:57.526  6776  6854 D ProfileInstaller: Installing profile for com.plaud.template
09-25 13:09:02.240  6776  6776 I WIFICAP : WIFICAP_PROBE agent=true state=NONE active=false rel=8010
09-25 13:09:02.240  6776  6776 I WIFICAP : WIFICAP_SET_DEVICE_WIFI on=false t=1790321942240 rel=8010
09-25 13:09:02.261  6776  6831 I PenBleSDK-BluetoothLeOperation: 010D00-checkRequest-[10]-getRequestType-CharacteristicWrite
09-25 13:09:02.283  6776  6794 I PenBleSDK-BluetoothLeOperation: recv-cmd:cmd 10 010A0000
09-25 13:09:02.283  6776  6794 I PenBleSDK-BluetoothLeOperation: cmd type:10
09-25 13:09:02.283  6776  6794 I PenBleSDK-BluetoothLeOperation: onCallback: 10
09-25 13:09:02.288  6776  6855 W System.err: java.lang.Exception: l0 Mismatch
09-25 13:09:02.289  6776  6855 W System.err: 	at com.plaud.sdk.proto.n.<init>(SourceFile:18)
09-25 13:09:02.290  6776  6855 W System.err: 	at com.plaud.sdk.proto.l0.<init>(SourceFile:1)
09-25 13:09:02.290  6776  6855 W System.err: 	at com.plaud.sdk.proto.q.e(SourceFile:39)
09-25 13:09:02.290  6776  6855 W System.err: 	at com.plaud.sdk.proto.q$$ExternalSyntheticLambda128.a(Unknown Source:2)
09-25 13:09:02.290  6776  6855 W System.err: 	at com.plaud.sdk.proto.z$c.d(SourceFile:3)
09-25 13:09:02.290  6776  6855 W System.err: 	at com.plaud.sdk.proto.z$c$$ExternalSyntheticLambda6.run(Unknown Source:4)
09-25 13:09:02.290  6776  6855 W System.err: 	at java.util.concurrent.ThreadPoolExecutor.runWorker(ThreadPoolExecutor.java:1145)
09-25 13:09:02.290  6776  6855 W System.err: 	at java.util.concurrent.ThreadPoolExecutor$Worker.run(ThreadPoolExecutor.java:644)
09-25 13:09:02.290  6776  6855 W System.err: 	at java.lang.Thread.run(Thread.java:1012)
09-25 13:09:02.290  6776  6855 I WIFICAP : WIFICAP_BLE_WIFI_OPEN status=-1 wifiName="" wholeName="" passLen=0 t=1790321942290 rel=8060
09-25 13:09:02.292  6776  6794 I PenBleSDK-BluetoothLeOperation: 010D00-callBackRequest:[10] status:0
09-25 13:09:02.292  6776  6794 E BluetoothLeOperation: 010D00-callBackRequest:[10] status:0
09-25 13:09:14.246  6776  6776 I WIFICAP : WIFICAP_END mode=open rel=20016
