09-25 13:10:17.722   537  1643 V SplashScreenExceptionList: SplashScreen checking exception for package com.plaud.template (target sdk:34) -> false
09-25 13:10:17.745   537  1643 I ActivityTaskManager: START u0 {flg=0x10000000 cmp=com.plaud.template/.debug.WifiCaptureActivity (has extras)} with LAUNCH_MULTIPLE from uid 2000 (BAL_ALLOW_PERMISSION) result code=0
09-25 13:10:17.936   928   928 V WifiManager: unregisterNetworkRequestMatchCallback: callback=com.android.settings.wifi.NetworkRequestDialogActivity@4ef2e9e
09-25 13:10:17.979   537   569 I ActivityManager: Start proc 7008:com.plaud.template/u0a193 for next-top-activity {com.plaud.template/com.plaud.template.debug.WifiCaptureActivity}
09-25 13:10:18.505   537   558 V WindowManager:     info={id=18 t=OPEN f=0x0 trk=0 r=[0@Point(0, 0)] c=[{WCT{RemoteToken{64530ca Task{9a520e6 #47 type=standard A=10193:com.plaud.template}}} m=OPEN f=NONE leash=Surface(name=Task=47)/@0xf75866c sb=Rect(0, 0 - 1080, 2400) eb=Rect(0, 0 - 1080, 2400) d=0},{WCT{RemoteToken{9f152 Task{ce2baf #42 type=standard A=1000:.wifi.NetworkRequestDialogActivity}}} m=TO_BACK f=TRANSLUCENT leash=Surface(name=Task=42)/@0x6f349df sb=Rect(0, 0 - 1080, 2400) eb=Rect(0, 0 - 1080, 2400) d=0},{WCT{RemoteToken{91aaafb Task{9b6857a #1 type=home}}} m=TO_BACK f=SHOW_WALLPAPER leash=Surface(name=Task=1)/@0x16b4378 sb=Rect(0, 0 - 1080, 2400) eb=Rect(0, 0 - 1080, 2400) d=0}]}
09-25 13:10:18.709  7008  7008 W ziparchive: Unable to open '/data/app/~~wDLGGby_lIxiZtG5W6FrXQ==/com.plaud.template-6RMcX0XasXQfHpc2d9XVMA==/base.dm': No such file or directory
09-25 13:10:18.709  7008  7008 W ziparchive: Unable to open '/data/app/~~wDLGGby_lIxiZtG5W6FrXQ==/com.plaud.template-6RMcX0XasXQfHpc2d9XVMA==/base.dm': No such file or directory
09-25 13:10:19.286  7008  7008 D nativeloader: Configuring clns-6 for other apk /data/app/~~wDLGGby_lIxiZtG5W6FrXQ==/com.plaud.template-6RMcX0XasXQfHpc2d9XVMA==/base.apk. target_sdk_version=34, uses_libraries=, library_path=/data/app/~~wDLGGby_lIxiZtG5W6FrXQ==/com.plaud.template-6RMcX0XasXQfHpc2d9XVMA==/lib/arm64:/data/app/~~wDLGGby_lIxiZtG5W6FrXQ==/com.plaud.template-6RMcX0XasXQfHpc2d9XVMA==/base.apk!/lib/arm64-v8a, permitted_path=/data:/mnt/expand:/data/user/0/com.plaud.template
09-25 13:10:19.314  7008  7008 V GraphicsEnvironment: ANGLE GameManagerService for com.plaud.template: false
09-25 13:10:19.314  7008  7008 V GraphicsEnvironment: com.plaud.template is not listed in per-application setting
09-25 13:10:19.570   537  1802 D ConnectivityService: requestNetwork for uid/pid:10193/7008 activeRequest: null callbackRequest: 174 [NetworkRequest [ REQUEST id=174, [ Transports: WIFI Capabilities: NOT_RESTRICTED&TRUSTED&NOT_VPN&NOT_VCN_MANAGED Uid: 10193 RequestorUid: 10193 RequestorPkg: com.plaud.template UnderlyingNetworks: Null] ]] callback flags: 0 order: 2147483647
09-25 13:10:19.578   537   676 D WifiNetworkFactory: got request NetworkRequest [ REQUEST id=174, [ Transports: WIFI Capabilities: NOT_RESTRICTED&TRUSTED&NOT_VPN&NOT_VCN_MANAGED Uid: 10193 RequestorUid: 10193 RequestorPkg: com.plaud.template UnderlyingNetworks: Null] ]
09-25 13:10:19.578   537   676 D UntrustedWifiNetworkFactory: got request NetworkRequest [ REQUEST id=174, [ Transports: WIFI Capabilities: NOT_RESTRICTED&TRUSTED&NOT_VPN&NOT_VCN_MANAGED Uid: 10193 RequestorUid: 10193 RequestorPkg: com.plaud.template UnderlyingNetworks: Null] ]
09-25 13:10:19.578   537   676 D OemPaidWifiNetworkFactory: got request NetworkRequest [ REQUEST id=174, [ Transports: WIFI Capabilities: NOT_RESTRICTED&TRUSTED&NOT_VPN&NOT_VCN_MANAGED Uid: 10193 RequestorUid: 10193 RequestorPkg: com.plaud.template UnderlyingNetworks: Null] ]
09-25 13:10:19.578   537   676 D MultiInternetWifiNetworkFactory: got request NetworkRequest [ REQUEST id=174, [ Transports: WIFI Capabilities: NOT_RESTRICTED&TRUSTED&NOT_VPN&NOT_VCN_MANAGED Uid: 10193 RequestorUid: 10193 RequestorPkg: com.plaud.template UnderlyingNetworks: Null] ]
09-25 13:10:19.613   887  1166 D BtGatt.ScanManager: startScan()  [ScanClient scanModeApp 1 scanModeUsed 1 [appScanStats com.plaud.template]]
09-25 13:10:19.613   887  1154 D BtGatt.ScanManager: scanMode is upgraded for  [ScanClient scanModeApp 1 scanModeUsed 2 [appScanStats com.plaud.template]]
09-25 13:10:19.614   887  1154 D BtGatt.ScanManager: Start gattClientScanNative with old scanMode 0 new scanMode 2 ( in MS: 100 / 100, in scan unit: 160 / 160 ) [ScanClient scanModeApp 1 scanModeUsed 2 [appScanStats com.plaud.template]]
09-25 13:10:19.905   537   558 W ziparchive: Unable to open '/data/app/~~wDLGGby_lIxiZtG5W6FrXQ==/com.plaud.template-6RMcX0XasXQfHpc2d9XVMA==/base.dm': No such file or directory
09-25 13:10:19.931   537   558 I ActivityTaskManager: Displayed com.plaud.template/.debug.WifiCaptureActivity for user 0: +2s227ms
09-25 13:10:20.425   887  1154 D BtGatt.ScanManager: handling stopping scan  [ScanClient scanModeApp 1 scanModeUsed 2 [appScanStats com.plaud.template]]
09-25 13:10:20.445   537  1802 W InputManager-JNI: Input channel object 'f126572 Splash Screen com.plaud.template (client)' was disposed without first being removed with the input manager!
09-25 13:10:24.495   537  1991 D ConnectivityService: requestNetwork for uid/pid:10193/7008 activeRequest: null callbackRequest: 175 [NetworkRequest [ REQUEST id=175, [ Transports: WIFI Capabilities: NOT_RESTRICTED&TRUSTED&NOT_VPN Specifier: <WifiNetworkSpecifier [, SSID Match pattern=PatternMatcher{LITERAL: PLAUD0001}, BSSID Match pattern=Pair{00:00:00:00:00:00 00:00:00:00:00:00}, SSID="PLAUD0001", BSSID=null, band=-1]> Uid: 10193 RequestorUid: 10193 RequestorPkg: com.plaud.template UnderlyingNetworks: Null] ]] callback flags: 0 order: 2147483647
09-25 13:10:24.499   537   676 D WifiNetworkFactory: got request NetworkRequest [ REQUEST id=175, [ Transports: WIFI Capabilities: NOT_RESTRICTED&TRUSTED&NOT_VPN Specifier: <WifiNetworkSpecifier [, SSID Match pattern=PatternMatcher{LITERAL: PLAUD0001}, BSSID Match pattern=Pair{00:00:00:00:00:00 00:00:00:00:00:00}, SSID="PLAUD0001", BSSID=null, band=-1]> Uid: 10193 RequestorUid: 10193 RequestorPkg: com.plaud.template UnderlyingNetworks: Null] ]
09-25 13:10:24.526   537   676 I ActivityTaskManager: START u0 {act=com.android.settings.wifi.action.NETWORK_REQUEST cat=[android.intent.category.DEFAULT] flg=0x10400000 cmp=com.android.settings/.wifi.NetworkRequestDialogActivity (has extras)} with LAUNCH_SINGLE_TOP from uid 1000 (BAL_ALLOW_ALLOWLISTED_UID) result code=2
09-25 13:10:24.541   537   676 D UntrustedWifiNetworkFactory: got request NetworkRequest [ REQUEST id=175, [ Transports: WIFI Capabilities: NOT_RESTRICTED&TRUSTED&NOT_VPN Specifier: <WifiNetworkSpecifier [, SSID Match pattern=PatternMatcher{LITERAL: PLAUD0001}, BSSID Match pattern=Pair{00:00:00:00:00:00 00:00:00:00:00:00}, SSID="PLAUD0001", BSSID=null, band=-1]> Uid: 10193 RequestorUid: 10193 RequestorPkg: com.plaud.template UnderlyingNetworks: Null] ]
09-25 13:10:24.541   537   676 D OemPaidWifiNetworkFactory: got request NetworkRequest [ REQUEST id=175, [ Transports: WIFI Capabilities: NOT_RESTRICTED&TRUSTED&NOT_VPN Specifier: <WifiNetworkSpecifier [, SSID Match pattern=PatternMatcher{LITERAL: PLAUD0001}, BSSID Match pattern=Pair{00:00:00:00:00:00 00:00:00:00:00:00}, SSID="PLAUD0001", BSSID=null, band=-1]> Uid: 10193 RequestorUid: 10193 RequestorPkg: com.plaud.template UnderlyingNetworks: Null] ]
09-25 13:10:24.541   537   676 D MultiInternetWifiNetworkFactory: got request NetworkRequest [ REQUEST id=175, [ Transports: WIFI Capabilities: NOT_RESTRICTED&TRUSTED&NOT_VPN Specifier: <WifiNetworkSpecifier [, SSID Match pattern=PatternMatcher{LITERAL: PLAUD0001}, BSSID Match pattern=Pair{00:00:00:00:00:00 00:00:00:00:00:00}, SSID="PLAUD0001", BSSID=null, band=-1]> Uid: 10193 RequestorUid: 10193 RequestorPkg: com.plaud.template UnderlyingNetworks: Null] ]
09-25 13:10:24.575   928   928 V WifiManager: registerNetworkRequestMatchCallback: callback=com.android.settings.wifi.NetworkRequestDialogActivity@4ef2e9e, executor=android.os.HandlerExecutor@151fa67
09-25 13:10:25.037  7008  7086 D ProfileInstaller: Installing profile for com.plaud.template
09-25 13:10:25.571   537   558 V WindowManager:     info={id=19 t=OPEN f=0x0 trk=0 r=[0@Point(0, 0)] c=[{WCT{RemoteToken{9f152 Task{ce2baf #42 type=standard A=1000:.wifi.NetworkRequestDialogActivity}}} m=TO_FRONT f=TRANSLUCENT|MOVE_TO_TOP leash=Surface(name=Task=42)/@0x6f349df sb=Rect(0, 0 - 1080, 2400) eb=Rect(0, 0 - 1080, 2400) d=0}]}
09-25 13:10:54.512   537   683 D ConnectivityService: releasing NetworkRequest [ REQUEST id=175, [ Transports: WIFI Capabilities: NOT_RESTRICTED&TRUSTED&NOT_VPN Specifier: <WifiNetworkSpecifier [, SSID Match pattern=PatternMatcher{LITERAL: PLAUD0001}, BSSID Match pattern=Pair{00:00:00:00:00:00 00:00:00:00:00:00}, SSID="PLAUD0001", BSSID=null, band=-1]> Uid: 10193 RequestorUid: 10193 RequestorPkg: com.plaud.template UnderlyingNetworks: Null] ] (timeout)
09-25 13:10:54.514   537   676 I WifiNetworkFactory: App released active request, cancelling NetworkRequest [ REQUEST id=175, [ Transports: WIFI Capabilities: NOT_RESTRICTED&TRUSTED&NOT_VPN Specifier: <WifiNetworkSpecifier [, SSID Match pattern=PatternMatcher{LITERAL: PLAUD0001}, BSSID Match pattern=Pair{00:00:00:00:00:00 00:00:00:00:00:00}, SSID="PLAUD0001", BSSID=null, band=-1]> Uid: 10193 RequestorUid: 10193 RequestorPkg: com.plaud.template UnderlyingNetworks: Null] ]
09-25 13:10:54.516   537   676 D WifiNetworkFactory: releaseRequestAsUnfulfillableByAnyFactory: NetworkRequest [ REQUEST id=175, [ Transports: WIFI Capabilities: NOT_RESTRICTED&TRUSTED&NOT_VPN Specifier: <WifiNetworkSpecifier [, SSID Match pattern=PatternMatcher{LITERAL: PLAUD0001}, BSSID Match pattern=Pair{00:00:00:00:00:00 00:00:00:00:00:00}, SSID="PLAUD0001", BSSID=null, band=-1]> Uid: 10193 RequestorUid: 10193 RequestorPkg: com.plaud.template UnderlyingNetworks: Null] ]
