# 2026-09-25T09:02:16Z piper energy-vad-cluster synth-piper-4spk-s0104 pipeline=energy-vad-cluster hint=0 n_active=4
# audio /Users/mivi/Desktop/plaud-harness/build/synthetic/piper/synth-piper-4spk-s0104/mix.wav
# load average at start: { 2.02 2.15 2.57 }
# swap at start: total = 8192.00M  used = 6781.38M  free = 1410.62M  (encrypted)
energy-vad-cluster: 80 segments, 3 speakers, 0.34s -> /Users/mivi/Desktop/plaud-harness/build/v5/hyp/piper/energy-vad-cluster/synth-piper-4spk-s0104.partial/hyp.json (+ .rttm, .stm)
        0.61 real         0.56 user         0.04 sys
           146980864  maximum resident set size
                   0  average shared memory size
                   0  average unshared data size
                   0  average unshared stack size
               11909  page reclaims
                   0  page faults
                   0  swaps
                   0  block input operations
                   0  block output operations
                   0  messages sent
                   0  messages received
                   0  signals received
                   3  voluntary context switches
                  83  involuntary context switches
          6800701261  instructions retired
          1929270574  cycles elapsed
           126829952  peak memory footprint
# load average at end: { 2.02 2.15 2.57 }
# exit 0
