09-23 19:15:50.621  4274  4274 I PULLCAP : PULLCAP_START id="SYNTH-HIST-0001" mode=both
09-23 19:15:50.876  4274  4274 I PlaudSdk_SourceFile: Logger initialized. File logging is active.
09-23 19:15:50.879  4274  4274 D PlaudSdk_SourceFile: Initializing manager with base URL: https://api.plaud.ai
09-23 19:15:50.879  4274  4274 D PlaudSdk_SourceFile: Creating Retrofit service with base URL: https://api.plaud.ai
09-23 19:15:50.918  4274  4274 D PlaudSdk_SourceFile: Set logging level using OkHttp 4.x 'level' property.
09-23 19:15:50.944  4274  4274 D PlaudSdk_SourceFile: Partner API: 已清除旧的缓存数据
09-23 19:15:50.945  4274  4274 D PlaudSdk_SourceFile: Creating Partner API service with base URL: https://platform-jp.plaud.ai
09-23 19:15:50.947  4274  4274 D PlaudSdk_SourceFile: Partner API: User Access Token set (length: 136)
09-23 19:15:50.949  4274  4274 I PlaudSdk_SourceFile: Partner API Token set successfully
09-23 19:15:50.949  4274  4274 I PlaudSdk_SourceFile: Partner API: Token 可用，正在获取 RSA 密钥对...
09-23 19:15:50.982  4274  4350 D PlaudSdk_SourceFile: Partner API: 正在获取 RSA 密钥对...
09-23 19:15:50.982  4274  4350 D PlaudSdk_SourceFile: Partner API: Generating RSA key pair...
09-23 19:15:51.002  4274  4274 I PenBleSDK-BleAgentImpl: --- create ---
09-23 19:15:51.045  4274  4367 I PlaudSdk_SourceFile: PartnerRetrofitClient
09-23 19:15:51.045  4274  4367 I PlaudSdk_SourceFile: ╔══════════════════════════════════════════════════════════════
09-23 19:15:51.045  4274  4367 I PlaudSdk_SourceFile: ║ 🚀 REQUEST
09-23 19:15:51.045  4274  4367 I PlaudSdk_SourceFile: ╠══════════════════════════════════════════════════════════════
09-23 19:15:51.045  4274  4367 I PlaudSdk_SourceFile: ║ Method: POST
09-23 19:15:51.045  4274  4367 I PlaudSdk_SourceFile: ║ URL: https://platform-jp.plaud.ai/developer/api/open/partner/sdk/gen-key
09-23 19:15:51.045  4274  4367 I PlaudSdk_SourceFile: ╠──────────────────────────────────────────────────────────────
09-23 19:15:51.045  4274  4367 I PlaudSdk_SourceFile: ║ Headers:
09-23 19:15:51.045  4274  4367 I PlaudSdk_SourceFile: ║   Authorization: Bearer eyJhbGciOiJIUzI1NiIsInR..._SIGNATURE
09-23 19:15:51.045  4274  4367 I PlaudSdk_SourceFile: ╠──────────────────────────────────────────────────────────────
09-23 19:15:51.045  4274  4367 I PlaudSdk_SourceFile: ║ Request Body:
09-23 19:15:51.045  4274  4367 I PlaudSdk_SourceFile: ║   (empty)
09-23 19:15:51.045  4274  4367 I PlaudSdk_SourceFile: ╚══════════════════════════════════════════════════════════════
09-23 19:15:51.075  4274  4274 I PlaudSdk_SourceFile: SDK initialized successfully
09-23 19:15:51.088  4274  4350 E PlaudSdk_SourceFile: AppKey or AppSecret is null or empty.
09-23 19:15:51.197  4274  4274 I PULLCAP : PULLCAP_SCAN_STARTED
09-23 19:15:52.912  4274  4415 I PULLCAP : PULLCAP_SCAN sn=8810000001
09-23 19:15:52.912  4274  4415 I PenBleSDK-BluetoothLeOperation: stopScanBLE
09-23 19:15:53.106  4274  4415 W PenBleSDK-BleAgentImpl: bleConnectStage sn=sn:[5c4317a7] stage=start detail=sn=sn:[5c4317a7],mac=F0:1A:2B:3C:4D:5E
09-23 19:15:53.110  4274  4445 I PULLCAP : PULLCAP_STAGE stage="start" detail="sn=sn:[5c4317a7],mac=F0:1A:2B:3C:4D:5E"
09-23 19:15:53.135  4274  4446 I PenBleSDK-BleAgentImpl: start validCustomer
09-23 19:15:53.136  4274  4446 I PenBleSDK-BleAgentImpl: validCustomer result: Pass
09-23 19:15:53.136  4274  4446 I PenBleSDK-BleAgentImpl: bleOperation.connection:F0:1A:2B:3C:4D:5E
09-23 19:15:53.143  4274  4446 W PenBleSDK-BleAgentImpl: bleConnectStage sn=sn:[5c4317a7] stage=gatt_connect
09-23 19:15:53.149  4274  4447 I PULLCAP : PULLCAP_STAGE stage="gatt_connect" detail="null"
09-23 19:15:53.152  4274  4446 I PenBleSDK-BluetoothLeOperation: start connect conBtDevice name:null mac:F0:1A:2B:3C:4D:5E
09-23 19:15:53.166  4274  4446 I PenBleSDK-BleAgentImpl: btStatusChange: CONNECTING
09-23 19:15:53.169  4274  4274 I PenBleSDK-TntAgent: btStatusChange:sn:[5c4317a7], CONNECTING
09-23 19:15:53.169  4274  4274 I PenBleSDK-TntAgent: cur sn:sn:[5c4317a7]
09-23 19:15:54.043  4274  4367 I PlaudSdk_SourceFile: PartnerRetrofitClient
09-23 19:15:54.043  4274  4367 I PlaudSdk_SourceFile: ╔══════════════════════════════════════════════════════════════
09-23 19:15:54.043  4274  4367 I PlaudSdk_SourceFile: ║ 📥 RESPONSE (2684ms)
09-23 19:15:54.043  4274  4367 I PlaudSdk_SourceFile: ╠══════════════════════════════════════════════════════════════
09-23 19:15:54.043  4274  4367 I PlaudSdk_SourceFile: ║ Status: 401 
09-23 19:15:54.043  4274  4367 I PlaudSdk_SourceFile: ║ URL: https://platform-jp.plaud.ai/developer/api/open/partner/sdk/gen-key
09-23 19:15:54.043  4274  4367 I PlaudSdk_SourceFile: ╠──────────────────────────────────────────────────────────────
09-23 19:15:54.043  4274  4367 I PlaudSdk_SourceFile: ║ Response Headers:
09-23 19:15:54.043  4274  4367 I PlaudSdk_SourceFile: ║   date: Wed, 23 Sep 2026 13:45:53 GMT
09-23 19:15:54.043  4274  4367 I PlaudSdk_SourceFile: ║   content-type: application/json
09-23 19:15:54.043  4274  4367 I PlaudSdk_SourceFile: ║   server-timing: cfCacheStatus;desc="DYNAMIC"
09-23 19:15:54.043  4274  4367 I PlaudSdk_SourceFile: ║   server-timing: cfEdge;dur=506,cfOrigin;dur=7
09-23 19:15:54.043  4274  4367 I PlaudSdk_SourceFile: ║   x-request-id: f8b47551c4460d47743ec6af3e121e95
09-23 19:15:54.043  4274  4367 I PlaudSdk_SourceFile: ║   vary: Accept-Encoding
09-23 19:15:54.043  4274  4367 I PlaudSdk_SourceFile: ║   cf-cache-status: DYNAMIC
09-23 19:15:54.043  4274  4367 I PlaudSdk_SourceFile: ║   server: cloudflare
09-23 19:15:54.043  4274  4367 I PlaudSdk_SourceFile: ║   cf-ray: a3f9fe084e1aff6c-BOM
09-23 19:15:54.043  4274  4367 I PlaudSdk_SourceFile: ╠──────────────────────────────────────────────────────────────
09-23 19:15:54.043  4274  4367 I PlaudSdk_SourceFile: ║ Response Body:
09-23 19:15:54.043  4274  4367 I PlaudSdk_SourceFile: ║   {
09-23 19:15:54.043  4274  4367 I PlaudSdk_SourceFile: ║     "detail": "ACCESS_TOKEN_INVALID"
09-23 19:15:54.043  4274  4367 I PlaudSdk_SourceFile: ║   }
09-23 19:15:54.043  4274  4367 I PlaudSdk_SourceFile: ╚══════════════════════════════════════════════════════════════
09-23 19:15:54.070  4274  4350 E PlaudSdk_SourceFile: Partner API: Authentication failed for gen-key (401)
09-23 19:15:54.083  4274  4350 E PlaudSdk_SourceFile: Partner API: ✗ 获取 RSA 密钥对失败
09-23 19:15:54.361  4274  4293 I PenBleSDK-BluetoothLeOperation: onConnectionStateChange:errorCode: 0 newState: CONNECTED isConnectFailUseDisConnect:false
09-23 19:15:54.411  4274  4293 I PenBleSDK-BluetoothLeOperation: start requestMtu 255 true
09-23 19:15:54.729  4274  4293 I PenBleSDK-BluetoothLeOperation: onMtuChanged: 517 status: 0 isSetDefMtu: false
09-23 19:15:54.731  4274  4293 I PenBleSDK-BluetoothLeOperation: discoverServices
09-23 19:15:54.731  4274  4293 I PenBleSDK-BluetoothLeOperation: start discoverServices
09-23 19:15:54.868  4274  4293 I PenBleSDK-BluetoothLeOperation: onServicesDiscovered status: 0
09-23 19:15:54.869  4274  4293 I PenBleSDK-BleAgentImpl: btStatusChange: CONNECTED
09-23 19:15:54.870  4274  4293 W PenBleSDK-BleAgentImpl: bleConnectStage sn=sn:[5c4317a7] stage=set_notify
09-23 19:15:54.872  4274  4293 I PenBleSDK-BleAgentImpl: New Battery Service
09-23 19:15:54.880  4274  4293 W PenBleSDK-BleAgentImpl: bleConnectStage sn=sn:[5c4317a7] stage=set_data_notify detail=new_battery_service_port_7
09-23 19:15:54.885  4274  4555 I PULLCAP : PULLCAP_STAGE stage="set_notify" detail="null"
09-23 19:15:54.914  4274  4557 I PULLCAP : PULLCAP_STAGE stage="set_data_notify" detail="new_battery_service_port_7"
09-23 19:15:54.940  4274  4532 I PenBleSDK-BluetoothLeOperation: -checkRequest-null-getRequestType-DescriptorWrite
09-23 19:15:54.978  4274  4293 I PenBleSDK-BluetoothLeOperation: -callBackRequest:null status:0
09-23 19:15:54.979  4274  4293 E BluetoothLeOperation: -callBackRequest:null status:0
09-23 19:15:54.980  4274  4293 W PenBleSDK-BleAgentImpl: bleConnectStage sn=sn:[5c4317a7] stage=first_handshake
09-23 19:15:54.982  4274  4293 I PenBleSDK-BleAgentImpl: handshake start
09-23 19:15:54.997  4274  4560 I PULLCAP : PULLCAP_STAGE stage="first_handshake" detail="null"
09-23 19:15:55.012  4274  4532 I PenBleSDK-BluetoothLeOperation: 01010002000053594E54484849535430303031303030-checkRequest-[1, 2]-getRequestType-CharacteristicWrite
09-23 19:15:55.043  4274  4293 I PenBleSDK-BluetoothLeOperation: recv-cmd:cmd 1 01010000070005000100000056010000
09-23 19:15:55.043  4274  4293 I PenBleSDK-BluetoothLeOperation: cmd type:1
09-23 19:15:55.043  4274  4293 I PenBleSDK-BluetoothLeOperation: onCallback: 1
09-23 19:15:55.077  4274  4299 I PenBleSDK-BluetoothLeOperation: 01010002000053594E54484849535430303031303030-callBackRequest:[1, 2] status:0
09-23 19:15:55.077  4274  4299 E BluetoothLeOperation: 01010002000053594E54484849535430303031303030-callBackRequest:[1, 2] status:0
09-23 19:15:55.078  4274  4299 I PenBleSDK-BleAgentImpl: handshake sendSuccess errorCode:0
09-23 19:15:55.078  4274  4569 I PenBleSDK-BleAgentImpl: handshake data type1
09-23 19:15:55.080  4274  4569 I PenBleSDK-BleAgentImpl: old HandShakeRsp: l3{status=0, portVersion=7, timezone=5, timezoneMin=0, audioChannel=1, supportWifi=false, noNsAgc=false, isOggAudio=false, versionType=V, version=1}
09-23 19:15:55.080  4274  4569 I PenBleSDK-BleAgentImpl: audioChannel:1
09-23 19:15:55.080  4274  4569 I PenBleSDK-BleAgentImpl: supportWifi:false
09-23 19:15:55.080  4274  4569 I PenBleSDK-BleAgentImpl: noNsAgc:false
09-23 19:15:55.080  4274  4569 I PenBleSDK-BleAgentImpl: isOggAudio:false
09-23 19:15:55.081  4274  4569 W PenBleSDK-BleAgentImpl: bleConnectStage sn=sn:[5c4317a7] stage=first_handshake detail=old_protocol_ok
09-23 19:15:55.083  4274  4569 I PenBleSDK-BleAgentImpl: syncTimeCount:0
09-23 19:15:55.094  4274  4569 W PenBleSDK-BleAgentImpl: bleConnectStage sn=sn:[5c4317a7] stage=sync_time detail=attempt_0
09-23 19:15:55.095  4274  4569 E PenBleSDK-err: stamp:1790171155
09-23 19:15:55.095  4274  4569 E PenBleSDK-err: timeZone:5, min:30
09-23 19:15:55.095  4274  4569 I PenBleSDK-BleAgentImpl: getBatLevelCount:0
09-23 19:15:55.097  4274  4573 I PULLCAP : PULLCAP_STAGE stage="sync_time" detail="attempt_0"
09-23 19:15:55.099  4274  4572 I PULLCAP : PULLCAP_STAGE stage="first_handshake" detail="old_protocol_ok"
09-23 19:15:55.134  4274  4532 I PenBleSDK-BluetoothLeOperation: 01040013D8B36A051E-checkRequest-[4]-getRequestType-CharacteristicWrite
09-23 19:15:55.151  4274  4293 I PenBleSDK-BluetoothLeOperation: recv-cmd:cmd 4 01040000F153650000
09-23 19:15:55.151  4274  4293 I PenBleSDK-BluetoothLeOperation: cmd type:4
09-23 19:15:55.151  4274  4293 I PenBleSDK-BluetoothLeOperation: onCallback: 4
09-23 19:15:55.154  4274  4589 I PenBleSDK-BleAgentImpl: not Statistics data
09-23 19:15:55.155  4274  4274 I PenBleSDK-TntAgent: btStatusChange:sn:[5c4317a7], CONNECTED
09-23 19:15:55.155  4274  4274 I PenBleSDK-TntAgent: cur sn:sn:[5c4317a7]
09-23 19:15:55.157  4274  4590 I PULLCAP : PULLCAP_CONNECT_STATE state=1 t=1790171155157
09-23 19:15:55.157  4274  4590 I PULLCAP : PULLCAP_BIND sn="8810000001" status=0 protVersion=5 tz=5
09-23 19:15:55.157  4274  4590 I PULLCAP : PULLCAP_GETFILELIST t=1790171155157
09-23 19:15:55.179  4274  4293 I PenBleSDK-BluetoothLeOperation: 01040013D8B36A051E-callBackRequest:[4] status:0
09-23 19:15:55.179  4274  4293 E BluetoothLeOperation: 01040013D8B36A051E-callBackRequest:[4] status:0
09-23 19:15:55.208  4274  4532 I PenBleSDK-BluetoothLeOperation: 010900-checkRequest-[9]-getRequestType-CharacteristicWrite
09-23 19:15:55.243  4274  4293 I PenBleSDK-BluetoothLeOperation: recv-cmd:cmd 9 0109000057
09-23 19:15:55.243  4274  4293 I PenBleSDK-BluetoothLeOperation: cmd type:9
09-23 19:15:55.244  4274  4293 I PenBleSDK-BluetoothLeOperation: onCallback: 9
09-23 19:15:55.273  4274  4293 I PenBleSDK-BluetoothLeOperation: 010900-callBackRequest:[9] status:0
09-23 19:15:55.273  4274  4293 E BluetoothLeOperation: 010900-callBackRequest:[9] status:0
09-23 19:15:55.276  4274  4532 I PenBleSDK-BluetoothLeOperation: 010300-checkRequest-[3]-getRequestType-CharacteristicWrite
09-23 19:15:55.293  4274  4293 I PenBleSDK-BluetoothLeOperation: recv-cmd:cmd 3 010300011000000101000400F15365000000
09-23 19:15:55.293  4274  4293 I PenBleSDK-BluetoothLeOperation: cmd type:3
09-23 19:15:55.293  4274  4293 I PenBleSDK-BluetoothLeOperation: onCallback: 3
09-23 19:15:55.294  4274  4606 E PenBleSDK-zdk: get secnes-010300011000000101000400F15365000000
09-23 19:15:55.294  4274  4606 E PenBleSDK-zdk: get secnes-----------
09-23 19:15:55.294  4274  4606 I PenBleSDK-BleAgentImpl: getState after bind
09-23 19:15:55.310  4274  4293 I PenBleSDK-BluetoothLeOperation: 010300-callBackRequest:[3] status:0
09-23 19:15:55.310  4274  4293 E BluetoothLeOperation: 010300-callBackRequest:[3] status:0
09-23 19:15:55.313  4274  4532 I PenBleSDK-BluetoothLeOperation: 010800010F00-checkRequest-[8, 1015]-getRequestType-CharacteristicWrite
09-23 19:15:55.333  4274  4293 I PenBleSDK-BluetoothLeOperation: recv-cmd:cmd 8 0108000F0001000000
09-23 19:15:55.333  4274  4293 I PenBleSDK-BluetoothLeOperation: cmd type:8
09-23 19:15:55.373  4274  4293 I PenBleSDK-BluetoothLeOperation: 010800010F00-callBackRequest:[8, 1015] status:0
09-23 19:15:55.373  4274  4293 E BluetoothLeOperation: 010800010F00-callBackRequest:[8, 1015] status:0
09-23 19:15:55.394  4274  4532 I PenBleSDK-BluetoothLeOperation: 010800011100-checkRequest-[8, 1017]-getRequestType-CharacteristicWrite
09-23 19:15:55.412  4274  4293 I PenBleSDK-BluetoothLeOperation: recv-cmd:cmd 8 010800110001000000
09-23 19:15:55.412  4274  4293 I PenBleSDK-BluetoothLeOperation: cmd type:8
09-23 19:15:55.422  4274  4293 I PenBleSDK-BluetoothLeOperation: 010800011100-callBackRequest:[8, 1017] status:0
09-23 19:15:55.422  4274  4293 E BluetoothLeOperation: 010800011100-callBackRequest:[8, 1017] status:0
09-23 19:15:55.428  4274  4532 I PenBleSDK-BluetoothLeOperation: 011A0013D8B36A0000000000-checkRequest-[26]-getRequestType-CharacteristicWrite
09-23 19:15:55.468  4274  4293 I PenBleSDK-BluetoothLeOperation: recv-cmd:cmd 26 011A0013D8B36A0100000000F15365072C00000201
09-23 19:15:55.468  4274  4293 I PenBleSDK-BluetoothLeOperation: cmd type:26
09-23 19:15:55.468  4274  4293 I PenBleSDK-BluetoothLeOperation: onCallback: 26
09-23 19:15:55.469  4274  4293 I PenBleSDK-BluetoothLeOperation: removeResponseBean:[26]
09-23 19:15:55.469  4274  4293 I PULLCAP : PULLCAP_FILELIST n=1 t=1790171155469
09-23 19:15:55.470  4274  4293 I PULLCAP : PULLCAP_FILE getAttribute=1 getFileSize=11271 getScene=2 getSessionId=1700000000 getStability=0 isMusic=false
09-23 19:15:55.470  4274  4293 I PULLCAP : PULLCAP_SYNCFILE sessionId=1700000000 start=0 end=0 t=1790171155470
09-23 19:15:55.486  4274  4293 I PenBleSDK-BluetoothLeOperation: 011A0013D8B36A0000000000-callBackRequest:[26] status:0
09-23 19:15:55.486  4274  4293 E BluetoothLeOperation: 011A0013D8B36A0000000000-callBackRequest:[26] status:0
09-23 19:15:55.493  4274  4532 I PenBleSDK-BluetoothLeOperation: 011C0000F153650000000000000000-checkRequest-[28, 29]-getRequestType-CharacteristicWrite
09-23 19:15:55.509  4274  4293 I PenBleSDK-BluetoothLeOperation: recv-cmd:cmd 28 011C0000F1536500
09-23 19:15:55.509  4274  4293 I PenBleSDK-BluetoothLeOperation: cmd type:28
09-23 19:15:55.509  4274  4293 I PenBleSDK-BluetoothLeOperation: onCallback: 28
09-23 19:15:55.510  4274  4293 I PULLCAP : PULLCAP_HEAD sessionId=1700000000 status=0 t=1790171155510
09-23 19:15:55.521  4274  4293 I PULLCAP : PULLCAP_DATA sessionId=1700000000 offset=0 len=32 n=1 t=1790171155521
09-23 19:15:55.532  4274  4293 I PULLCAP : PULLCAP_DATA sessionId=1700000000 offset=32 len=32 n=2 t=1790171155532
09-23 19:15:55.549  4274  4293 I PULLCAP : PULLCAP_DATA sessionId=1700000000 offset=64 len=32 n=3 t=1790171155549
09-23 19:15:56.131  4274  4293 I PULLCAP : PULLCAP_DATA sessionId=1700000000 offset=1568 len=32 n=50 t=1790171156131
09-23 19:15:56.866  4274  4293 I PULLCAP : PULLCAP_DATA sessionId=1700000000 offset=3168 len=32 n=100 t=1790171156866
09-23 19:15:57.786  4274  4293 I PULLCAP : PULLCAP_DATA sessionId=1700000000 offset=4768 len=32 n=150 t=1790171157785
09-23 19:15:58.350  4274  4293 I PULLCAP : PULLCAP_DATA sessionId=1700000000 offset=6368 len=32 n=200 t=1790171158350
09-23 19:15:58.917  4274  4293 I PULLCAP : PULLCAP_DATA sessionId=1700000000 offset=7968 len=32 n=250 t=1790171158917
09-23 19:15:59.452  4274  4293 I PULLCAP : PULLCAP_DATA sessionId=1700000000 offset=9568 len=32 n=300 t=1790171159452
09-23 19:15:59.977  4274  4293 I PULLCAP : PULLCAP_DATA sessionId=1700000000 offset=11168 len=32 n=350 t=1790171159977
09-23 19:16:00.022  4274  4293 I PenBleSDK-BluetoothLeOperation: recv-cmd:cmd 29 011D0000F15365EFBE
09-23 19:16:00.022  4274  4293 I PenBleSDK-BluetoothLeOperation: cmd type:29
09-23 19:16:00.022  4274  4293 I PenBleSDK-BluetoothLeOperation: onCallback: 29
09-23 19:16:00.054  4274  4770 I PULLCAP : PULLCAP_TAIL sessionId=1700000000 status=48879 t=1790171160054
