09-24 11:15:58.805 12422 12422 I PULLCAP : PULLCAP_START id="SYNTH-HIST-0001" mode=raw stopAfterRaw=true
09-24 11:15:59.099 12422 12422 I PlaudSdk_SourceFile: Logger initialized. File logging is active.
09-24 11:15:59.103 12422 12422 D PlaudSdk_SourceFile: Initializing manager with base URL: https://api.plaud.ai
09-24 11:15:59.104 12422 12422 D PlaudSdk_SourceFile: Creating Retrofit service with base URL: https://api.plaud.ai
09-24 11:15:59.228 12422 12422 D PlaudSdk_SourceFile: Set logging level using OkHttp 4.x 'level' property.
09-24 11:15:59.330 12422 12422 D PlaudSdk_SourceFile: Partner API: 已清除旧的缓存数据
09-24 11:15:59.332 12422 12422 D PlaudSdk_SourceFile: Creating Partner API service with base URL: https://platform-jp.plaud.ai
09-24 11:15:59.336 12422 12422 D PlaudSdk_SourceFile: Partner API: User Access Token set (length: 136)
09-24 11:15:59.340 12422 12422 I PlaudSdk_SourceFile: Partner API Token set successfully
09-24 11:15:59.342 12422 12422 I PlaudSdk_SourceFile: Partner API: Token 可用，正在获取 RSA 密钥对...
09-24 11:15:59.413 12422 12449 D PlaudSdk_SourceFile: Partner API: 正在获取 RSA 密钥对...
09-24 11:15:59.415 12422 12449 D PlaudSdk_SourceFile: Partner API: Generating RSA key pair...
09-24 11:15:59.433 12422 12422 I PenBleSDK-BleAgentImpl: --- create ---
09-24 11:15:59.446 12422 12452 I PlaudSdk_SourceFile: PartnerRetrofitClient
09-24 11:15:59.446 12422 12452 I PlaudSdk_SourceFile: ╔══════════════════════════════════════════════════════════════
09-24 11:15:59.446 12422 12452 I PlaudSdk_SourceFile: ║ 🚀 REQUEST
09-24 11:15:59.446 12422 12452 I PlaudSdk_SourceFile: ╠══════════════════════════════════════════════════════════════
09-24 11:15:59.446 12422 12452 I PlaudSdk_SourceFile: ║ Method: POST
09-24 11:15:59.446 12422 12452 I PlaudSdk_SourceFile: ║ URL: https://platform-jp.plaud.ai/developer/api/open/partner/sdk/gen-key
09-24 11:15:59.446 12422 12452 I PlaudSdk_SourceFile: ╠──────────────────────────────────────────────────────────────
09-24 11:15:59.446 12422 12452 I PlaudSdk_SourceFile: ║ Headers:
09-24 11:15:59.446 12422 12452 I PlaudSdk_SourceFile: ║   Authorization: Bearer eyJhbGciOiJIUzI1NiIsInR..._SIGNATURE
09-24 11:15:59.446 12422 12452 I PlaudSdk_SourceFile: ╠──────────────────────────────────────────────────────────────
09-24 11:15:59.446 12422 12452 I PlaudSdk_SourceFile: ║ Request Body:
09-24 11:15:59.446 12422 12452 I PlaudSdk_SourceFile: ║   (empty)
09-24 11:15:59.446 12422 12452 I PlaudSdk_SourceFile: ╚══════════════════════════════════════════════════════════════
09-24 11:15:59.532 12422 12422 I PlaudSdk_SourceFile: SDK initialized successfully
09-24 11:15:59.535 12422 12449 E PlaudSdk_SourceFile: AppKey or AppSecret is null or empty.
09-24 11:15:59.572 12422 12422 I PULLCAP : PULLCAP_SCAN_STARTED
09-24 11:16:00.358 12422 12468 I PULLCAP : PULLCAP_SCAN sn=8810000001
09-24 11:16:00.366 12422 12468 I PenBleSDK-BluetoothLeOperation: stopScanBLE
09-24 11:16:00.388 12422 12468 W PenBleSDK-BleAgentImpl: bleConnectStage sn=sn:[5c4317a7] stage=start detail=sn=sn:[5c4317a7],mac=F0:1A:2B:3C:4D:5E
09-24 11:16:00.397 12422 12469 I PULLCAP : PULLCAP_STAGE stage="start" detail="sn=sn:[5c4317a7],mac=F0:1A:2B:3C:4D:5E"
09-24 11:16:00.424 12422 12470 I PenBleSDK-BleAgentImpl: start validCustomer
09-24 11:16:00.425 12422 12470 I PenBleSDK-BleAgentImpl: validCustomer result: Pass
09-24 11:16:00.436 12422 12470 I PenBleSDK-BleAgentImpl: bleOperation.connection:F0:1A:2B:3C:4D:5E
09-24 11:16:00.437 12422 12470 W PenBleSDK-BleAgentImpl: bleConnectStage sn=sn:[5c4317a7] stage=gatt_connect
09-24 11:16:00.458 12422 12471 I PULLCAP : PULLCAP_STAGE stage="gatt_connect" detail="null"
09-24 11:16:00.518 12422 12470 I PenBleSDK-BluetoothLeOperation: start connect conBtDevice name:null mac:F0:1A:2B:3C:4D:5E
09-24 11:16:00.535 12422 12470 I PenBleSDK-BleAgentImpl: btStatusChange: CONNECTING
09-24 11:16:00.542 12422 12422 I PenBleSDK-TntAgent: btStatusChange:sn:[5c4317a7], CONNECTING
09-24 11:16:00.552 12422 12422 I PenBleSDK-TntAgent: cur sn:sn:[5c4317a7]
09-24 11:16:01.415 12422 12437 I PenBleSDK-BluetoothLeOperation: onConnectionStateChange:errorCode: 0 newState: CONNECTED isConnectFailUseDisConnect:false
09-24 11:16:01.427 12422 12437 I PenBleSDK-BluetoothLeOperation: start requestMtu 255 true
09-24 11:16:01.958 12422 12437 I PenBleSDK-BluetoothLeOperation: onMtuChanged: 517 status: 0 isSetDefMtu: false
09-24 11:16:01.959 12422 12437 I PenBleSDK-BluetoothLeOperation: discoverServices
09-24 11:16:01.959 12422 12437 I PenBleSDK-BluetoothLeOperation: start discoverServices
09-24 11:16:01.975 12422 12437 I PenBleSDK-BluetoothLeOperation: onServicesDiscovered status: 0
09-24 11:16:01.975 12422 12437 I PenBleSDK-BleAgentImpl: btStatusChange: CONNECTED
09-24 11:16:01.976 12422 12437 W PenBleSDK-BleAgentImpl: bleConnectStage sn=sn:[5c4317a7] stage=set_notify
09-24 11:16:01.976 12422 12437 I PenBleSDK-BleAgentImpl: New Battery Service
09-24 11:16:01.982 12422 12437 W PenBleSDK-BleAgentImpl: bleConnectStage sn=sn:[5c4317a7] stage=set_data_notify detail=new_battery_service_port_7
09-24 11:16:01.997 12422 12479 I PULLCAP : PULLCAP_STAGE stage="set_notify" detail="null"
09-24 11:16:01.999 12422 12480 I PULLCAP : PULLCAP_STAGE stage="set_data_notify" detail="new_battery_service_port_7"
09-24 11:16:02.013 12422 12473 I PenBleSDK-BluetoothLeOperation: -checkRequest-null-getRequestType-DescriptorWrite
09-24 11:16:02.032 12422 12437 I PenBleSDK-BluetoothLeOperation: -callBackRequest:null status:0
09-24 11:16:02.033 12422 12437 E BluetoothLeOperation: -callBackRequest:null status:0
09-24 11:16:02.034 12422 12437 W PenBleSDK-BleAgentImpl: bleConnectStage sn=sn:[5c4317a7] stage=first_handshake
09-24 11:16:02.035 12422 12437 I PenBleSDK-BleAgentImpl: handshake start
09-24 11:16:02.036 12422 12481 I PULLCAP : PULLCAP_STAGE stage="first_handshake" detail="null"
09-24 11:16:02.060 12422 12473 I PenBleSDK-BluetoothLeOperation: 01010002000053594E54484849535430303031303030-checkRequest-[1, 2]-getRequestType-CharacteristicWrite
09-24 11:16:02.078 12422 12437 I PenBleSDK-BluetoothLeOperation: recv-cmd:cmd 1 01010000070005000100000056010000
09-24 11:16:02.079 12422 12437 I PenBleSDK-BluetoothLeOperation: cmd type:1
09-24 11:16:02.079 12422 12437 I PenBleSDK-BluetoothLeOperation: onCallback: 1
09-24 11:16:02.081 12422 12482 I PenBleSDK-BleAgentImpl: handshake data type1
09-24 11:16:02.083 12422 12482 I PenBleSDK-BleAgentImpl: old HandShakeRsp: l3{status=0, portVersion=7, timezone=5, timezoneMin=0, audioChannel=1, supportWifi=false, noNsAgc=false, isOggAudio=false, versionType=V, version=1}
09-24 11:16:02.084 12422 12482 I PenBleSDK-BleAgentImpl: audioChannel:1
09-24 11:16:02.084 12422 12482 I PenBleSDK-BleAgentImpl: supportWifi:false
09-24 11:16:02.084 12422 12482 I PenBleSDK-BleAgentImpl: noNsAgc:false
09-24 11:16:02.084 12422 12482 I PenBleSDK-BleAgentImpl: isOggAudio:false
09-24 11:16:02.084 12422 12482 W PenBleSDK-BleAgentImpl: bleConnectStage sn=sn:[5c4317a7] stage=first_handshake detail=old_protocol_ok
09-24 11:16:02.084 12422 12482 I PenBleSDK-BleAgentImpl: syncTimeCount:0
09-24 11:16:02.085 12422 12482 W PenBleSDK-BleAgentImpl: bleConnectStage sn=sn:[5c4317a7] stage=sync_time detail=attempt_0
09-24 11:16:02.086 12422 12482 E PenBleSDK-err: stamp:1790228762
09-24 11:16:02.086 12422 12482 E PenBleSDK-err: timeZone:5, min:30
09-24 11:16:02.086 12422 12482 I PenBleSDK-BleAgentImpl: getBatLevelCount:0
09-24 11:16:02.087 12422 12483 I PULLCAP : PULLCAP_STAGE stage="first_handshake" detail="old_protocol_ok"
09-24 11:16:02.087 12422 12484 I PULLCAP : PULLCAP_STAGE stage="sync_time" detail="attempt_0"
09-24 11:16:02.089 12422 12437 I PenBleSDK-BluetoothLeOperation: 01010002000053594E54484849535430303031303030-callBackRequest:[1, 2] status:0
09-24 11:16:02.089 12422 12437 E BluetoothLeOperation: 01010002000053594E54484849535430303031303030-callBackRequest:[1, 2] status:0
09-24 11:16:02.090 12422 12437 I PenBleSDK-BleAgentImpl: handshake sendSuccess errorCode:0
09-24 11:16:02.105 12422 12473 I PenBleSDK-BluetoothLeOperation: 0104001AB9B46A051E-checkRequest-[4]-getRequestType-CharacteristicWrite
09-24 11:16:02.125 12422 12437 I PenBleSDK-BluetoothLeOperation: recv-cmd:cmd 4 01040000F153650000
09-24 11:16:02.125 12422 12437 I PenBleSDK-BluetoothLeOperation: cmd type:4
09-24 11:16:02.125 12422 12437 I PenBleSDK-BluetoothLeOperation: onCallback: 4
09-24 11:16:02.137 12422 12485 I PenBleSDK-BleAgentImpl: not Statistics data
09-24 11:16:02.138 12422 12422 I PenBleSDK-TntAgent: btStatusChange:sn:[5c4317a7], CONNECTED
09-24 11:16:02.139 12422 12422 I PenBleSDK-TntAgent: cur sn:sn:[5c4317a7]
09-24 11:16:02.139 12422 12437 I PenBleSDK-BluetoothLeOperation: 0104001AB9B46A051E-callBackRequest:[4] status:0
09-24 11:16:02.139 12422 12437 E BluetoothLeOperation: 0104001AB9B46A051E-callBackRequest:[4] status:0
09-24 11:16:02.141 12422 12486 I PULLCAP : PULLCAP_CONNECT_STATE state=1 t=1790228762141
09-24 11:16:02.141 12422 12486 I PULLCAP : PULLCAP_BIND sn="8810000001" status=0 protVersion=5 tz=5
09-24 11:16:02.141 12422 12486 I PULLCAP : PULLCAP_GETFILELIST t=1790228762141
09-24 11:16:02.142 12422 12473 I PenBleSDK-BluetoothLeOperation: 010900-checkRequest-[9]-getRequestType-CharacteristicWrite
09-24 11:16:02.165 12422 12437 I PenBleSDK-BluetoothLeOperation: recv-cmd:cmd 9 0109000057
09-24 11:16:02.165 12422 12437 I PenBleSDK-BluetoothLeOperation: cmd type:9
09-24 11:16:02.165 12422 12437 I PenBleSDK-BluetoothLeOperation: onCallback: 9
09-24 11:16:02.183 12422 12437 I PenBleSDK-BluetoothLeOperation: 010900-callBackRequest:[9] status:0
09-24 11:16:02.183 12422 12437 E BluetoothLeOperation: 010900-callBackRequest:[9] status:0
09-24 11:16:02.211 12422 12473 I PenBleSDK-BluetoothLeOperation: 010300-checkRequest-[3]-getRequestType-CharacteristicWrite
09-24 11:16:02.228 12422 12437 I PenBleSDK-BluetoothLeOperation: recv-cmd:cmd 3 010300011000000101000400F15365000000
09-24 11:16:02.228 12422 12437 I PenBleSDK-BluetoothLeOperation: cmd type:3
09-24 11:16:02.228 12422 12437 I PenBleSDK-BluetoothLeOperation: onCallback: 3
09-24 11:16:02.230 12422 12488 E PenBleSDK-zdk: get secnes-010300011000000101000400F15365000000
09-24 11:16:02.230 12422 12488 E PenBleSDK-zdk: get secnes-----------
09-24 11:16:02.230 12422 12488 I PenBleSDK-BleAgentImpl: getState after bind
09-24 11:16:02.237 12422 12437 I PenBleSDK-BluetoothLeOperation: 010300-callBackRequest:[3] status:0
09-24 11:16:02.237 12422 12437 E BluetoothLeOperation: 010300-callBackRequest:[3] status:0
09-24 11:16:02.252 12422 12473 I PenBleSDK-BluetoothLeOperation: 010800010F00-checkRequest-[8, 1015]-getRequestType-CharacteristicWrite
09-24 11:16:02.273 12422 12437 I PenBleSDK-BluetoothLeOperation: recv-cmd:cmd 8 0108000F0001000000
09-24 11:16:02.273 12422 12437 I PenBleSDK-BluetoothLeOperation: cmd type:8
09-24 11:16:02.281 12422 12437 I PenBleSDK-BluetoothLeOperation: 010800010F00-callBackRequest:[8, 1015] status:0
09-24 11:16:02.281 12422 12437 E BluetoothLeOperation: 010800010F00-callBackRequest:[8, 1015] status:0
09-24 11:16:02.288 12422 12473 I PenBleSDK-BluetoothLeOperation: 010800011100-checkRequest-[8, 1017]-getRequestType-CharacteristicWrite
09-24 11:16:02.302 12422 12437 I PenBleSDK-BluetoothLeOperation: recv-cmd:cmd 8 010800110001000000
09-24 11:16:02.302 12422 12437 I PenBleSDK-BluetoothLeOperation: cmd type:8
09-24 11:16:02.312 12422 12437 I PenBleSDK-BluetoothLeOperation: 010800011100-callBackRequest:[8, 1017] status:0
09-24 11:16:02.312 12422 12437 E BluetoothLeOperation: 010800011100-callBackRequest:[8, 1017] status:0
09-24 11:16:02.322 12422 12473 I PenBleSDK-BluetoothLeOperation: 011A001AB9B46A0000000000-checkRequest-[26]-getRequestType-CharacteristicWrite
09-24 11:16:02.337 12422 12437 I PenBleSDK-BluetoothLeOperation: recv-cmd:cmd 26 011A001AB9B46A0100000000F15365072C00000201
09-24 11:16:02.337 12422 12437 I PenBleSDK-BluetoothLeOperation: cmd type:26
09-24 11:16:02.338 12422 12437 I PenBleSDK-BluetoothLeOperation: onCallback: 26
09-24 11:16:02.338 12422 12437 I PenBleSDK-BluetoothLeOperation: removeResponseBean:[26]
09-24 11:16:02.339 12422 12437 I PULLCAP : PULLCAP_FILELIST n=1 t=1790228762339
09-24 11:16:02.340 12422 12437 I PULLCAP : PULLCAP_FILE getAttribute=1 getFileSize=11271 getScene=2 getSessionId=1700000000 getStability=0 isMusic=false
09-24 11:16:02.341 12422 12437 I PULLCAP : PULLCAP_SYNCFILE sessionId=1700000000 start=0 end=0 t=1790228762341
09-24 11:16:02.346 12422 12437 I PenBleSDK-BluetoothLeOperation: 011A001AB9B46A0000000000-callBackRequest:[26] status:0
09-24 11:16:02.346 12422 12437 E BluetoothLeOperation: 011A001AB9B46A0000000000-callBackRequest:[26] status:0
09-24 11:16:02.355 12422 12473 I PenBleSDK-BluetoothLeOperation: 011C0000F153650000000000000000-checkRequest-[28, 29]-getRequestType-CharacteristicWrite
09-24 11:16:02.367 12422 12437 I PenBleSDK-BluetoothLeOperation: 011C0000F153650000000000000000-callBackRequest:[28, 29] status:0
09-24 11:16:02.367 12422 12437 E BluetoothLeOperation: 011C0000F153650000000000000000-callBackRequest:[28, 29] status:0
09-24 11:16:02.367 12422 12437 I PenBleSDK-BleAgentImpl: onCallback errorCode:0
09-24 11:16:02.367 12422 12437 I PenBleSDK-BluetoothLeOperation: recv-cmd:cmd 28 011C0000F1536500
09-24 11:16:02.367 12422 12437 I PenBleSDK-BluetoothLeOperation: cmd type:28
09-24 11:16:02.367 12422 12437 I PenBleSDK-BluetoothLeOperation: onCallback: 28
09-24 11:16:02.367 12422 12437 I PULLCAP : PULLCAP_HEAD sessionId=1700000000 status=0 t=1790228762367
09-24 11:16:02.383 12422 12437 I PULLCAP : PULLCAP_DATA sessionId=1700000000 offset=0 len=32 n=1 t=1790228762383
09-24 11:16:02.397 12422 12437 I PULLCAP : PULLCAP_DATA sessionId=1700000000 offset=32 len=32 n=2 t=1790228762397
09-24 11:16:02.412 12422 12437 I PULLCAP : PULLCAP_DATA sessionId=1700000000 offset=64 len=32 n=3 t=1790228762412
09-24 11:16:03.103 12422 12437 I PULLCAP : PULLCAP_DATA sessionId=1700000000 offset=1568 len=32 n=50 t=1790228763103
09-24 11:16:03.833 12422 12437 I PULLCAP : PULLCAP_DATA sessionId=1700000000 offset=3168 len=32 n=100 t=1790228763833
09-24 11:16:04.557 12422 12437 I PULLCAP : PULLCAP_DATA sessionId=1700000000 offset=4768 len=32 n=150 t=1790228764557
09-24 11:16:05.278 12422 12437 I PULLCAP : PULLCAP_DATA sessionId=1700000000 offset=6368 len=32 n=200 t=1790228765277
09-24 11:16:06.012 12422 12437 I PULLCAP : PULLCAP_DATA sessionId=1700000000 offset=7968 len=32 n=250 t=1790228766012
09-24 11:16:06.763 12422 12437 I PULLCAP : PULLCAP_DATA sessionId=1700000000 offset=9568 len=32 n=300 t=1790228766763
09-24 11:16:07.488 12422 12437 I PULLCAP : PULLCAP_DATA sessionId=1700000000 offset=11168 len=32 n=350 t=1790228767488
09-24 11:16:07.547 12422 12437 W PenBleSDK-BleAgentImpl: EMPTY_PACKAGE,code: 0
09-24 11:16:07.547 12422 12437 I PULLCAP : PULLCAP_DATA_COMPLETE frames=353 t=1790228767547 firstDataAt=1790228762383
09-24 11:16:07.555 12422 12437 I PULLCAP : PULLCAP_RAW_DONE sessionId=1700000000 len=11271 frames=353 contiguous=true gaps=0 sha256=0f45367bd1eae540a51f2741e3150ffc705aace3054bfdaa4e134b71cbb48c3d trigger="bleDataComplete" path=/data/user/0/com.plaud.template/files/pullcap-raw-1700000000.bin
09-24 11:16:07.555 12422 12437 I PULLCAP : PULLCAP_STOPSYNC_CALL t=1790228767555
09-24 11:16:07.561 12422 12437 I PenBleSDK-BluetoothLeOperation: recv-cmd:cmd 29 011D0000F15365EFBE
09-24 11:16:07.562 12422 12437 I PenBleSDK-BluetoothLeOperation: cmd type:29
09-24 11:16:07.562 12422 12437 I PenBleSDK-BluetoothLeOperation: onCallback: 29
09-24 11:16:07.562 12422 12473 I PenBleSDK-BluetoothLeOperation: 011D00-checkRequest-[30]-getRequestType-CharacteristicWrite
09-24 11:16:07.566 12422 12493 I PULLCAP : PULLCAP_TAIL sessionId=1700000000 status=48879 t=1790228767566
09-24 11:16:07.576 12422 12437 I PenBleSDK-BluetoothLeOperation: recv-cmd:cmd 30 011E00
09-24 11:16:07.576 12422 12437 I PenBleSDK-BluetoothLeOperation: cmd type:30
09-24 11:16:07.576 12422 12437 I PenBleSDK-BluetoothLeOperation: onCallback: 30
09-24 11:16:07.577 12422 12494 I PULLCAP : PULLCAP_SYNC_STOP t=1790228767577
09-24 11:16:07.587 12422 12437 I PenBleSDK-BluetoothLeOperation: 011D00-callBackRequest:[30] status:0
09-24 11:16:07.587 12422 12437 E BluetoothLeOperation: 011D00-callBackRequest:[30] status:0
09-24 11:16:19.540 12422 12450 E PlaudSdk_SourceFile: Partner API: Exception generating RSA key pair
09-24 11:16:19.540 12422 12450 E PlaudSdk_SourceFile: java.net.UnknownHostException: Unable to resolve host "platform-jp.plaud.ai": No address associated with hostname
09-24 11:16:19.540 12422 12450 E PlaudSdk_SourceFile: 	at java.net.Inet6AddressImpl.lookupHostByName(Inet6AddressImpl.java:156)
09-24 11:16:19.540 12422 12450 E PlaudSdk_SourceFile: 	at java.net.Inet6AddressImpl.lookupAllHostAddr(Inet6AddressImpl.java:103)
09-24 11:16:19.540 12422 12450 E PlaudSdk_SourceFile: 	at java.net.InetAddress.getAllByName(InetAddress.java:1152)
09-24 11:16:19.540 12422 12450 E PlaudSdk_SourceFile: 	at okhttp3.Dns$Companion$DnsSystem.lookup(Dns.kt:49)
09-24 11:16:19.540 12422 12450 E PlaudSdk_SourceFile: 	at okhttp3.internal.connection.RouteSelector.resetNextInetSocketAddress(RouteSelector.kt:164)
09-24 11:16:19.540 12422 12450 E PlaudSdk_SourceFile: 	at okhttp3.internal.connection.RouteSelector.nextProxy(RouteSelector.kt:129)
09-24 11:16:19.540 12422 12450 E PlaudSdk_SourceFile: 	at okhttp3.internal.connection.RouteSelector.next(RouteSelector.kt:71)
09-24 11:16:19.540 12422 12450 E PlaudSdk_SourceFile: 	at okhttp3.internal.connection.ExchangeFinder.findConnection(ExchangeFinder.kt:205)
09-24 11:16:19.540 12422 12450 E PlaudSdk_SourceFile: 	at okhttp3.internal.connection.ExchangeFinder.findHealthyConnection(ExchangeFinder.kt:106)
09-24 11:16:19.540 12422 12450 E PlaudSdk_SourceFile: 	at okhttp3.internal.connection.ExchangeFinder.find(ExchangeFinder.kt:74)
09-24 11:16:19.540 12422 12450 E PlaudSdk_SourceFile: 	at okhttp3.internal.connection.RealCall.initExchange$okhttp(RealCall.kt:255)
09-24 11:16:19.540 12422 12450 E PlaudSdk_SourceFile: 	at okhttp3.internal.connection.ConnectInterceptor.intercept(ConnectInterceptor.kt:32)
09-24 11:16:19.540 12422 12450 E PlaudSdk_SourceFile: 	at okhttp3.internal.http.RealInterceptorChain.proceed(RealInterceptorChain.kt:109)
09-24 11:16:19.540 12422 12450 E PlaudSdk_SourceFile: 	at okhttp3.internal.cache.CacheInterceptor.intercept(CacheInterceptor.kt:95)
09-24 11:16:19.540 12422 12450 E PlaudSdk_SourceFile: 	at okhttp3.internal.http.RealInterceptorChain.proceed(RealInterceptorChain.kt:109)
09-24 11:16:19.540 12422 12450 E PlaudSdk_SourceFile: 	at okhttp3.internal.http.BridgeInterceptor.intercept(BridgeInterceptor.kt:83)
09-24 11:16:19.540 12422 12450 E PlaudSdk_SourceFile: 	at okhttp3.internal.http.RealInterceptorChain.proceed(RealInterceptorChain.kt:109)
09-24 11:16:19.540 12422 12450 E PlaudSdk_SourceFile: 	at okhttp3.internal.http.RetryAndFollowUpInterceptor.intercept(RetryAndFollowUpInterceptor.kt:76)
09-24 11:16:19.540 12422 12450 E PlaudSdk_SourceFile: 	at okhttp3.internal.http.RealInterceptorChain.proceed(RealInterceptorChain.kt:109)
09-24 11:16:19.540 12422 12450 E PlaudSdk_SourceFile: 	at com.plaud.sdk.internalimpl.WezenValidationService.process_item_data(SourceFile:447)
09-24 11:16:19.540 12422 12450 E PlaudSdk_SourceFile: 	at com.plaud.sdk.internalimpl.WezenValidationService$$ExternalSyntheticLambda0.intercept(Unknown Source:0)
09-24 11:16:19.540 12422 12450 E PlaudSdk_SourceFile: 	at okhttp3.internal.http.RealInterceptorChain.proceed(RealInterceptorChain.kt:109)
09-24 11:16:19.540 12422 12450 E PlaudSdk_SourceFile: 	at okhttp3.internal.connection.RealCall.getResponseWithInterceptorChain$okhttp(RealCall.kt:201)
09-24 11:16:19.540 12422 12450 E PlaudSdk_SourceFile: 	at okhttp3.internal.connection.RealCall$AsyncCall.run(RealCall.kt:517)
09-24 11:16:19.540 12422 12450 E PlaudSdk_SourceFile: 	at java.util.concurrent.ThreadPoolExecutor.runWorker(ThreadPoolExecutor.java:1145)
09-24 11:16:19.540 12422 12450 E PlaudSdk_SourceFile: 	at java.util.concurrent.ThreadPoolExecutor$Worker.run(ThreadPoolExecutor.java:644)
09-24 11:16:19.540 12422 12450 E PlaudSdk_SourceFile: 	at java.lang.Thread.run(Thread.java:1012)
09-24 11:16:19.540 12422 12450 E PlaudSdk_SourceFile: Caused by: android.system.GaiException: android_getaddrinfo failed: EAI_NODATA (No address associated with hostname)
09-24 11:16:19.540 12422 12450 E PlaudSdk_SourceFile: 	at libcore.io.Linux.android_getaddrinfo(Native Method)
09-24 11:16:19.540 12422 12450 E PlaudSdk_SourceFile: 	at libcore.io.ForwardingOs.android_getaddrinfo(ForwardingOs.java:133)
09-24 11:16:19.540 12422 12450 E PlaudSdk_SourceFile: 	at libcore.io.BlockGuardOs.android_getaddrinfo(BlockGuardOs.java:222)
09-24 11:16:19.540 12422 12450 E PlaudSdk_SourceFile: 	at libcore.io.ForwardingOs.android_getaddrinfo(ForwardingOs.java:133)
09-24 11:16:19.540 12422 12450 E PlaudSdk_SourceFile: 	at java.net.Inet6AddressImpl.lookupHostByName(Inet6AddressImpl.java:135)
09-24 11:16:19.540 12422 12450 E PlaudSdk_SourceFile: 	... 26 more
09-24 11:16:19.541 12422 12450 E PlaudSdk_SourceFile: Partner API: ✗ 获取 RSA 密钥对失败
