09-23 19:31:11.916  6116  6116 I PULLCAP : PULLCAP_START id="SYNTH-HIST-0001" mode=raw stopAfterRaw=true
09-23 19:31:12.427  6116  6116 I PlaudSdk_SourceFile: Logger initialized. File logging is active.
09-23 19:31:12.430  6116  6116 D PlaudSdk_SourceFile: Initializing manager with base URL: https://api.plaud.ai
09-23 19:31:12.430  6116  6116 D PlaudSdk_SourceFile: Creating Retrofit service with base URL: https://api.plaud.ai
09-23 19:31:12.462  6116  6116 D PlaudSdk_SourceFile: Set logging level using OkHttp 4.x 'level' property.
09-23 19:31:12.491  6116  6116 D PlaudSdk_SourceFile: Partner API: 已清除旧的缓存数据
09-23 19:31:12.492  6116  6116 D PlaudSdk_SourceFile: Creating Partner API service with base URL: https://platform-jp.plaud.ai
09-23 19:31:12.494  6116  6116 D PlaudSdk_SourceFile: Partner API: User Access Token set (length: 136)
09-23 19:31:12.495  6116  6116 I PlaudSdk_SourceFile: Partner API Token set successfully
09-23 19:31:12.497  6116  6116 I PlaudSdk_SourceFile: Partner API: Token 可用，正在获取 RSA 密钥对...
09-23 19:31:12.525  6116  6144 D PlaudSdk_SourceFile: Partner API: 正在获取 RSA 密钥对...
09-23 19:31:12.526  6116  6144 D PlaudSdk_SourceFile: Partner API: Generating RSA key pair...
09-23 19:31:12.538  6116  6116 I PenBleSDK-BleAgentImpl: --- create ---
09-23 19:31:12.555  6116  6147 I PlaudSdk_SourceFile: PartnerRetrofitClient
09-23 19:31:12.555  6116  6147 I PlaudSdk_SourceFile: ╔══════════════════════════════════════════════════════════════
09-23 19:31:12.555  6116  6147 I PlaudSdk_SourceFile: ║ 🚀 REQUEST
09-23 19:31:12.555  6116  6147 I PlaudSdk_SourceFile: ╠══════════════════════════════════════════════════════════════
09-23 19:31:12.555  6116  6147 I PlaudSdk_SourceFile: ║ Method: POST
09-23 19:31:12.555  6116  6147 I PlaudSdk_SourceFile: ║ URL: https://platform-jp.plaud.ai/developer/api/open/partner/sdk/gen-key
09-23 19:31:12.555  6116  6147 I PlaudSdk_SourceFile: ╠──────────────────────────────────────────────────────────────
09-23 19:31:12.555  6116  6147 I PlaudSdk_SourceFile: ║ Headers:
09-23 19:31:12.555  6116  6147 I PlaudSdk_SourceFile: ║   Authorization: Bearer eyJhbGciOiJIUzI1NiIsInR..._SIGNATURE
09-23 19:31:12.555  6116  6147 I PlaudSdk_SourceFile: ╠──────────────────────────────────────────────────────────────
09-23 19:31:12.555  6116  6147 I PlaudSdk_SourceFile: ║ Request Body:
09-23 19:31:12.555  6116  6147 I PlaudSdk_SourceFile: ║   (empty)
09-23 19:31:12.555  6116  6147 I PlaudSdk_SourceFile: ╚══════════════════════════════════════════════════════════════
09-23 19:31:12.603  6116  6116 I PlaudSdk_SourceFile: SDK initialized successfully
09-23 19:31:12.607  6116  6144 E PlaudSdk_SourceFile: AppKey or AppSecret is null or empty.
09-23 19:31:12.631  6116  6116 I PULLCAP : PULLCAP_SCAN_STARTED
09-23 19:31:13.590  6116  6162 I PULLCAP : PULLCAP_SCAN sn=8810000001
09-23 19:31:13.590  6116  6162 I PenBleSDK-BluetoothLeOperation: stopScanBLE
09-23 19:31:13.608  6116  6162 W PenBleSDK-BleAgentImpl: bleConnectStage sn=sn:[5c4317a7] stage=start detail=sn=sn:[5c4317a7],mac=F0:1A:2B:3C:4D:5E
09-23 19:31:13.619  6116  6164 I PenBleSDK-BleAgentImpl: start validCustomer
09-23 19:31:13.620  6116  6164 I PenBleSDK-BleAgentImpl: validCustomer result: Pass
09-23 19:31:13.620  6116  6164 I PenBleSDK-BleAgentImpl: bleOperation.connection:F0:1A:2B:3C:4D:5E
09-23 19:31:13.620  6116  6163 I PULLCAP : PULLCAP_STAGE stage="start" detail="sn=sn:[5c4317a7],mac=F0:1A:2B:3C:4D:5E"
09-23 19:31:13.621  6116  6164 W PenBleSDK-BleAgentImpl: bleConnectStage sn=sn:[5c4317a7] stage=gatt_connect
09-23 19:31:13.627  6116  6164 I PenBleSDK-BluetoothLeOperation: start connect conBtDevice name:null mac:F0:1A:2B:3C:4D:5E
09-23 19:31:13.634  6116  6165 I PULLCAP : PULLCAP_STAGE stage="gatt_connect" detail="null"
09-23 19:31:13.677  6116  6164 I PenBleSDK-BleAgentImpl: btStatusChange: CONNECTING
09-23 19:31:13.678  6116  6116 I PenBleSDK-TntAgent: btStatusChange:sn:[5c4317a7], CONNECTING
09-23 19:31:13.682  6116  6116 I PenBleSDK-TntAgent: cur sn:sn:[5c4317a7]
09-23 19:31:14.743  6116  6131 I PenBleSDK-BluetoothLeOperation: onConnectionStateChange:errorCode: 0 newState: CONNECTED isConnectFailUseDisConnect:false
09-23 19:31:14.803  6116  6131 I PenBleSDK-BluetoothLeOperation: start requestMtu 255 true
09-23 19:31:15.338  6116  6131 I PenBleSDK-BluetoothLeOperation: onMtuChanged: 517 status: 0 isSetDefMtu: false
09-23 19:31:15.339  6116  6131 I PenBleSDK-BluetoothLeOperation: discoverServices
09-23 19:31:15.339  6116  6131 I PenBleSDK-BluetoothLeOperation: start discoverServices
09-23 19:31:15.351  6116  6131 I PenBleSDK-BluetoothLeOperation: onServicesDiscovered status: 0
09-23 19:31:15.352  6116  6131 I PenBleSDK-BleAgentImpl: btStatusChange: CONNECTED
09-23 19:31:15.363  6116  6131 W PenBleSDK-BleAgentImpl: bleConnectStage sn=sn:[5c4317a7] stage=set_notify
09-23 19:31:15.365  6116  6131 I PenBleSDK-BleAgentImpl: New Battery Service
09-23 19:31:15.366  6116  6131 W PenBleSDK-BleAgentImpl: bleConnectStage sn=sn:[5c4317a7] stage=set_data_notify detail=new_battery_service_port_7
09-23 19:31:15.380  6116  6176 I PenBleSDK-BluetoothLeOperation: -checkRequest-null-getRequestType-DescriptorWrite
09-23 19:31:15.390  6116  6182 I PULLCAP : PULLCAP_STAGE stage="set_notify" detail="null"
09-23 19:31:15.390  6116  6183 I PULLCAP : PULLCAP_STAGE stage="set_data_notify" detail="new_battery_service_port_7"
09-23 19:31:15.414  6116  6131 I PenBleSDK-BluetoothLeOperation: -callBackRequest:null status:0
09-23 19:31:15.414  6116  6131 E BluetoothLeOperation: -callBackRequest:null status:0
09-23 19:31:15.416  6116  6131 W PenBleSDK-BleAgentImpl: bleConnectStage sn=sn:[5c4317a7] stage=first_handshake
09-23 19:31:15.417  6116  6131 I PenBleSDK-BleAgentImpl: handshake start
09-23 19:31:15.418  6116  6184 I PULLCAP : PULLCAP_STAGE stage="first_handshake" detail="null"
09-23 19:31:15.446  6116  6176 I PenBleSDK-BluetoothLeOperation: 01010002000053594E54484849535430303031303030-checkRequest-[1, 2]-getRequestType-CharacteristicWrite
09-23 19:31:15.495  6116  6131 I PenBleSDK-BluetoothLeOperation: recv-cmd:cmd 1 01010000070005000100000056010000
09-23 19:31:15.496  6116  6131 I PenBleSDK-BluetoothLeOperation: cmd type:1
09-23 19:31:15.496  6116  6131 I PenBleSDK-BluetoothLeOperation: onCallback: 1
09-23 19:31:15.508  6116  6185 I PenBleSDK-BleAgentImpl: handshake data type1
09-23 19:31:15.511  6116  6185 I PenBleSDK-BleAgentImpl: old HandShakeRsp: l3{status=0, portVersion=7, timezone=5, timezoneMin=0, audioChannel=1, supportWifi=false, noNsAgc=false, isOggAudio=false, versionType=V, version=1}
09-23 19:31:15.511  6116  6185 I PenBleSDK-BleAgentImpl: audioChannel:1
09-23 19:31:15.511  6116  6185 I PenBleSDK-BleAgentImpl: supportWifi:false
09-23 19:31:15.511  6116  6185 I PenBleSDK-BleAgentImpl: noNsAgc:false
09-23 19:31:15.511  6116  6185 I PenBleSDK-BleAgentImpl: isOggAudio:false
09-23 19:31:15.512  6116  6185 W PenBleSDK-BleAgentImpl: bleConnectStage sn=sn:[5c4317a7] stage=first_handshake detail=old_protocol_ok
09-23 19:31:15.515  6116  6185 I PenBleSDK-BleAgentImpl: syncTimeCount:0
09-23 19:31:15.515  6116  6185 W PenBleSDK-BleAgentImpl: bleConnectStage sn=sn:[5c4317a7] stage=sync_time detail=attempt_0
09-23 19:31:15.516  6116  6186 I PULLCAP : PULLCAP_STAGE stage="first_handshake" detail="old_protocol_ok"
09-23 19:31:15.517  6116  6185 E PenBleSDK-err: stamp:1790172075
09-23 19:31:15.518  6116  6185 E PenBleSDK-err: timeZone:5, min:30
09-23 19:31:15.519  6116  6185 I PenBleSDK-BleAgentImpl: getBatLevelCount:0
09-23 19:31:15.521  6116  6187 I PULLCAP : PULLCAP_STAGE stage="sync_time" detail="attempt_0"
09-23 19:31:15.523  6116  6131 I PenBleSDK-BluetoothLeOperation: 01010002000053594E54484849535430303031303030-callBackRequest:[1, 2] status:0
09-23 19:31:15.523  6116  6131 E BluetoothLeOperation: 01010002000053594E54484849535430303031303030-callBackRequest:[1, 2] status:0
09-23 19:31:15.525  6116  6131 I PenBleSDK-BleAgentImpl: handshake sendSuccess errorCode:0
09-23 19:31:15.539  6116  6147 I PlaudSdk_SourceFile: PartnerRetrofitClient
09-23 19:31:15.539  6116  6147 I PlaudSdk_SourceFile: ╔══════════════════════════════════════════════════════════════
09-23 19:31:15.539  6116  6147 I PlaudSdk_SourceFile: ║ 📥 RESPONSE (2953ms)
09-23 19:31:15.539  6116  6147 I PlaudSdk_SourceFile: ╠══════════════════════════════════════════════════════════════
09-23 19:31:15.539  6116  6147 I PlaudSdk_SourceFile: ║ Status: 401 
09-23 19:31:15.539  6116  6147 I PlaudSdk_SourceFile: ║ URL: https://platform-jp.plaud.ai/developer/api/open/partner/sdk/gen-key
09-23 19:31:15.539  6116  6147 I PlaudSdk_SourceFile: ╠──────────────────────────────────────────────────────────────
09-23 19:31:15.539  6116  6147 I PlaudSdk_SourceFile: ║ Response Headers:
09-23 19:31:15.539  6116  6147 I PlaudSdk_SourceFile: ║   date: Wed, 23 Sep 2026 14:01:15 GMT
09-23 19:31:15.539  6116  6147 I PlaudSdk_SourceFile: ║   content-type: application/json
09-23 19:31:15.539  6116  6147 I PlaudSdk_SourceFile: ║   server-timing: cfCacheStatus;desc="DYNAMIC"
09-23 19:31:15.539  6116  6147 I PlaudSdk_SourceFile: ║   server-timing: cfEdge;dur=1128,cfOrigin;dur=6
09-23 19:31:15.539  6116  6147 I PlaudSdk_SourceFile: ║   x-request-id: e7782728758aae47cea52cb790b7c687
09-23 19:31:15.539  6116  6147 I PlaudSdk_SourceFile: ║   vary: Accept-Encoding
09-23 19:31:15.539  6116  6147 I PlaudSdk_SourceFile: ║   cf-cache-status: DYNAMIC
09-23 19:31:15.539  6116  6147 I PlaudSdk_SourceFile: ║   server: cloudflare
09-23 19:31:15.539  6116  6147 I PlaudSdk_SourceFile: ║   cf-ray: a3fa14867e4eff62-BOM
09-23 19:31:15.539  6116  6147 I PlaudSdk_SourceFile: ╠──────────────────────────────────────────────────────────────
09-23 19:31:15.539  6116  6147 I PlaudSdk_SourceFile: ║ Response Body:
09-23 19:31:15.539  6116  6147 I PlaudSdk_SourceFile: ║   {
09-23 19:31:15.539  6116  6147 I PlaudSdk_SourceFile: ║     "detail": "ACCESS_TOKEN_INVALID"
09-23 19:31:15.539  6116  6147 I PlaudSdk_SourceFile: ║   }
09-23 19:31:15.539  6116  6147 I PlaudSdk_SourceFile: ╚══════════════════════════════════════════════════════════════
09-23 19:31:15.547  6116  6176 I PenBleSDK-BluetoothLeOperation: 010400ABDBB36A051E-checkRequest-[4]-getRequestType-CharacteristicWrite
09-23 19:31:15.555  6116  6144 E PlaudSdk_SourceFile: Partner API: Authentication failed for gen-key (401)
09-23 19:31:15.558  6116  6144 E PlaudSdk_SourceFile: Partner API: ✗ 获取 RSA 密钥对失败
09-23 19:31:15.575  6116  6131 I PenBleSDK-BluetoothLeOperation: recv-cmd:cmd 4 01040000F153650000
09-23 19:31:15.577  6116  6131 I PenBleSDK-BluetoothLeOperation: cmd type:4
09-23 19:31:15.577  6116  6131 I PenBleSDK-BluetoothLeOperation: onCallback: 4
09-23 19:31:15.581  6116  6188 I PenBleSDK-BleAgentImpl: not Statistics data
09-23 19:31:15.583  6116  6116 I PenBleSDK-TntAgent: btStatusChange:sn:[5c4317a7], CONNECTED
09-23 19:31:15.584  6116  6116 I PenBleSDK-TntAgent: cur sn:sn:[5c4317a7]
09-23 19:31:15.603  6116  6189 I PULLCAP : PULLCAP_CONNECT_STATE state=1 t=1790172075603
09-23 19:31:15.603  6116  6189 I PULLCAP : PULLCAP_BIND sn="8810000001" status=0 protVersion=5 tz=5
09-23 19:31:15.603  6116  6189 I PULLCAP : PULLCAP_GETFILELIST t=1790172075603
09-23 19:31:15.608  6116  6131 I PenBleSDK-BluetoothLeOperation: 010400ABDBB36A051E-callBackRequest:[4] status:0
09-23 19:31:15.608  6116  6131 E BluetoothLeOperation: 010400ABDBB36A051E-callBackRequest:[4] status:0
09-23 19:31:15.614  6116  6176 I PenBleSDK-BluetoothLeOperation: 010900-checkRequest-[9]-getRequestType-CharacteristicWrite
09-23 19:31:15.634  6116  6131 I PenBleSDK-BluetoothLeOperation: recv-cmd:cmd 9 0109000057
09-23 19:31:15.634  6116  6131 I PenBleSDK-BluetoothLeOperation: cmd type:9
09-23 19:31:15.634  6116  6131 I PenBleSDK-BluetoothLeOperation: onCallback: 9
09-23 19:31:15.642  6116  6131 I PenBleSDK-BluetoothLeOperation: 010900-callBackRequest:[9] status:0
09-23 19:31:15.643  6116  6131 E BluetoothLeOperation: 010900-callBackRequest:[9] status:0
09-23 19:31:15.649  6116  6176 I PenBleSDK-BluetoothLeOperation: 010300-checkRequest-[3]-getRequestType-CharacteristicWrite
09-23 19:31:15.664  6116  6131 I PenBleSDK-BluetoothLeOperation: recv-cmd:cmd 3 010300011000000101000400F15365000000
09-23 19:31:15.664  6116  6131 I PenBleSDK-BluetoothLeOperation: cmd type:3
09-23 19:31:15.665  6116  6131 I PenBleSDK-BluetoothLeOperation: onCallback: 3
09-23 19:31:15.665  6116  6191 E PenBleSDK-zdk: get secnes-010300011000000101000400F15365000000
09-23 19:31:15.665  6116  6191 E PenBleSDK-zdk: get secnes-----------
09-23 19:31:15.665  6116  6191 I PenBleSDK-BleAgentImpl: getState after bind
09-23 19:31:15.677  6116  6131 I PenBleSDK-BluetoothLeOperation: 010300-callBackRequest:[3] status:0
09-23 19:31:15.677  6116  6131 E BluetoothLeOperation: 010300-callBackRequest:[3] status:0
09-23 19:31:15.682  6116  6176 I PenBleSDK-BluetoothLeOperation: 010800010F00-checkRequest-[8, 1015]-getRequestType-CharacteristicWrite
09-23 19:31:15.696  6116  6131 I PenBleSDK-BluetoothLeOperation: recv-cmd:cmd 8 0108000F0001000000
09-23 19:31:15.697  6116  6131 I PenBleSDK-BluetoothLeOperation: cmd type:8
09-23 19:31:15.707  6116  6131 I PenBleSDK-BluetoothLeOperation: 010800010F00-callBackRequest:[8, 1015] status:0
09-23 19:31:15.707  6116  6131 E BluetoothLeOperation: 010800010F00-callBackRequest:[8, 1015] status:0
09-23 19:31:15.715  6116  6176 I PenBleSDK-BluetoothLeOperation: 010800011100-checkRequest-[8, 1017]-getRequestType-CharacteristicWrite
09-23 19:31:15.733  6116  6131 I PenBleSDK-BluetoothLeOperation: recv-cmd:cmd 8 010800110001000000
09-23 19:31:15.733  6116  6131 I PenBleSDK-BluetoothLeOperation: cmd type:8
09-23 19:31:15.742  6116  6131 I PenBleSDK-BluetoothLeOperation: 010800011100-callBackRequest:[8, 1017] status:0
09-23 19:31:15.742  6116  6131 E BluetoothLeOperation: 010800011100-callBackRequest:[8, 1017] status:0
09-23 19:31:15.749  6116  6176 I PenBleSDK-BluetoothLeOperation: 011A00ABDBB36A0000000000-checkRequest-[26]-getRequestType-CharacteristicWrite
09-23 19:31:15.769  6116  6131 I PenBleSDK-BluetoothLeOperation: recv-cmd:cmd 26 011A00ABDBB36A0100000000F15365072C00000201
09-23 19:31:15.769  6116  6131 I PenBleSDK-BluetoothLeOperation: cmd type:26
09-23 19:31:15.769  6116  6131 I PenBleSDK-BluetoothLeOperation: onCallback: 26
09-23 19:31:15.770  6116  6131 I PenBleSDK-BluetoothLeOperation: removeResponseBean:[26]
09-23 19:31:15.771  6116  6131 I PULLCAP : PULLCAP_FILELIST n=1 t=1790172075771
09-23 19:31:15.773  6116  6131 I PULLCAP : PULLCAP_FILE getAttribute=1 getFileSize=11271 getScene=2 getSessionId=1700000000 getStability=0 isMusic=false
09-23 19:31:15.773  6116  6131 I PULLCAP : PULLCAP_SYNCFILE sessionId=1700000000 start=0 end=0 t=1790172075773
09-23 19:31:15.783  6116  6131 I PenBleSDK-BluetoothLeOperation: 011A00ABDBB36A0000000000-callBackRequest:[26] status:0
09-23 19:31:15.783  6116  6131 E BluetoothLeOperation: 011A00ABDBB36A0000000000-callBackRequest:[26] status:0
09-23 19:31:15.784  6116  6176 I PenBleSDK-BluetoothLeOperation: 011C0000F153650000000000000000-checkRequest-[28, 29]-getRequestType-CharacteristicWrite
09-23 19:31:15.797  6116  6131 I PenBleSDK-BluetoothLeOperation: recv-cmd:cmd 28 011C0000F1536500
09-23 19:31:15.797  6116  6131 I PenBleSDK-BluetoothLeOperation: cmd type:28
09-23 19:31:15.797  6116  6131 I PenBleSDK-BluetoothLeOperation: onCallback: 28
09-23 19:31:15.798  6116  6131 I PULLCAP : PULLCAP_HEAD sessionId=1700000000 status=0 t=1790172075797
09-23 19:31:15.808  6116  6131 I PULLCAP : PULLCAP_DATA sessionId=1700000000 offset=0 len=32 n=1 t=1790172075808
09-23 19:31:15.819  6116  6131 I PULLCAP : PULLCAP_DATA sessionId=1700000000 offset=32 len=32 n=2 t=1790172075819
09-23 19:31:15.827  6116  6131 I PULLCAP : PULLCAP_DATA sessionId=1700000000 offset=64 len=32 n=3 t=1790172075827
09-23 19:31:16.443  6116  6131 I PULLCAP : PULLCAP_DATA sessionId=1700000000 offset=1568 len=32 n=50 t=1790172076443
09-23 19:31:17.032  6116  6131 I PULLCAP : PULLCAP_DATA sessionId=1700000000 offset=3168 len=32 n=100 t=1790172077032
09-23 19:31:17.783  6116  6131 I PULLCAP : PULLCAP_DATA sessionId=1700000000 offset=4768 len=32 n=150 t=1790172077783
09-23 19:31:18.604  6116  6131 I PULLCAP : PULLCAP_DATA sessionId=1700000000 offset=6368 len=32 n=200 t=1790172078604
09-23 19:31:19.322  6116  6131 I PULLCAP : PULLCAP_DATA sessionId=1700000000 offset=7968 len=32 n=250 t=1790172079322
09-23 19:31:19.954  6116  6131 I PULLCAP : PULLCAP_DATA sessionId=1700000000 offset=9568 len=32 n=300 t=1790172079954
09-23 19:31:20.735  6116  6131 I PULLCAP : PULLCAP_DATA sessionId=1700000000 offset=11168 len=32 n=350 t=1790172080735
09-23 19:31:20.808  6116  6131 W PenBleSDK-BleAgentImpl: EMPTY_PACKAGE,code: 0
09-23 19:31:20.808  6116  6131 I PULLCAP : PULLCAP_DATA_COMPLETE frames=353 t=1790172080808 firstDataAt=1790172075807
09-23 19:31:20.828  6116  6131 I PULLCAP : PULLCAP_RAW_DONE sessionId=1700000000 len=11271 frames=353 contiguous=true gaps=0 sha256=0f45367bd1eae540a51f2741e3150ffc705aace3054bfdaa4e134b71cbb48c3d trigger="bleDataComplete" path=/data/user/0/com.plaud.template/files/pullcap-raw-1700000000.bin
09-23 19:31:20.828  6116  6131 I PULLCAP : PULLCAP_STOPSYNC_CALL t=1790172080828
09-23 19:31:20.829  6116  6131 I PenBleSDK-BluetoothLeOperation: recv-cmd:cmd 29 011D0000F15365EFBE
09-23 19:31:20.830  6116  6131 I PenBleSDK-BluetoothLeOperation: cmd type:29
09-23 19:31:20.830  6116  6131 I PenBleSDK-BluetoothLeOperation: onCallback: 29
09-23 19:31:20.835  6116  6196 I PULLCAP : PULLCAP_TAIL sessionId=1700000000 status=48879 t=1790172080835
09-23 19:31:20.851  6116  6176 I PenBleSDK-BluetoothLeOperation: 011C0000F153650000000000000000-callBackRequest:[28, 29] status:-98
09-23 19:31:20.852  6116  6176 E BluetoothLeOperation: 011C0000F153650000000000000000-callBackRequest:[28, 29] status:-98
09-23 19:31:20.852  6116  6176 I PenBleSDK-BluetoothLeOperation: sendFailCount:1
09-23 19:31:20.853  6116  6176 I PenBleSDK-BleAgentImpl: onCallback errorCode:-98
09-23 19:31:20.884  6116  6176 I PenBleSDK-BluetoothLeOperation: 011D00-checkRequest-[30]-getRequestType-CharacteristicWrite
09-23 19:31:20.907  6116  6131 I PenBleSDK-BluetoothLeOperation: recv-cmd:cmd 30 011E00
09-23 19:31:20.908  6116  6131 I PenBleSDK-BluetoothLeOperation: cmd type:30
09-23 19:31:20.908  6116  6131 I PenBleSDK-BluetoothLeOperation: onCallback: 30
09-23 19:31:20.912  6116  6197 I PULLCAP : PULLCAP_SYNC_STOP t=1790172080911
09-23 19:31:20.917  6116  6131 I PenBleSDK-BluetoothLeOperation: 011D00-callBackRequest:[30] status:0
09-23 19:31:20.917  6116  6131 E BluetoothLeOperation: 011D00-callBackRequest:[30] status:0
