# 2026-09-25T09:03:30Z piper whisper-sherpa synth-piper-3spk-reverb-noise-s0103 pipeline=whisper-sherpa hint=0 n_active=3
# audio /Users/mivi/Desktop/plaud-harness/build/synthetic/piper/synth-piper-3spk-reverb-noise-s0103/mix.wav
# load average at start: { 4.81 2.98 2.85 }
# swap at start: total = 8192.00M  used = 7210.00M  free = 982.00M  (encrypted)
whisper-sherpa: 65 segments, 10 speakers, 40.35s -> /Users/mivi/Desktop/plaud-harness/build/v5/hyp/piper/whisper-sherpa/synth-piper-3spk-reverb-noise-s0103.partial/hyp.json (+ .rttm, .stm)
       41.98 real       160.84 user        17.48 sys
          1049264128  maximum resident set size
                   0  average shared memory size
                   0  average unshared data size
                   0  average unshared stack size
             2027004  page reclaims
                 248  page faults
                   0  swaps
                   0  block input operations
                   0  block output operations
                   0  messages sent
                   0  messages received
                   0  signals received
                 586  voluntary context switches
             1521622  involuntary context switches
       1220182075493  instructions retired
        429077586976  cycles elapsed
          1235653888  peak memory footprint
# load average at end: { 5.54 3.39 3.01 }
# exit 0
