# 2026-09-28T09:12:07Z precompute ES2011c; load: { 55.40 69.42 62.46 }
{"meeting_dir": "/Users/mivi/Desktop/plaud-harness/data/corpora/ami/dev/ES2011c", "n": 25857024, "chunks": 1608, "embeddings": [2262, 512]}
      851.76 real      1764.25 user        12.69 sys
           316473344  maximum resident set size
                   0  average shared memory size
                   0  average unshared data size
                   0  average unshared stack size
              234128  page reclaims
                2085  page faults
                   0  swaps
                   0  block input operations
                   0  block output operations
                   0  messages sent
                   0  messages received
                   0  signals received
                1416  voluntary context switches
             1550054  involuntary context switches
      11411780772965  instructions retired
       3063247999870  cycles elapsed
           436947776  peak memory footprint
