# 2026-09-28T08:44:52Z precompute IS1008c; load: { 7.88 18.52 34.28 }
{"meeting_dir": "/Users/mivi/Desktop/plaud-harness/data/corpora/ami/dev/IS1008c", "n": 24741333, "chunks": 1538, "embeddings": [2085, 512]}
      778.14 real      1812.43 user        11.61 sys
           262291456  maximum resident set size
                   0  average shared memory size
                   0  average unshared data size
                   0  average unshared stack size
              213415  page reclaims
                3081  page faults
                   0  swaps
                   0  block input operations
                   0  block output operations
                   0  messages sent
                   0  messages received
                   0  signals received
                 955  voluntary context switches
             1313513  involuntary context switches
      10930829229564  instructions retired
       3087508848141  cycles elapsed
           419334912  peak memory footprint
