# 2026-09-28T09:35:35Z precompute TS3004b; load: { 140.26 154.83 127.81 }
{"meeting_dir": "/Users/mivi/Desktop/plaud-harness/data/corpora/ami/dev/TS3004b", "n": 35936938, "chunks": 2238, "embeddings": [3710, 512]}
     1353.45 real      2983.11 user        23.73 sys
           349798400  maximum resident set size
                   0  average shared memory size
                   0  average unshared data size
                   0  average unshared stack size
              417570  page reclaims
                2887  page faults
                   0  swaps
                   0  block input operations
                   0  block output operations
                   0  messages sent
                   0  messages received
                   0  signals received
                6030  voluntary context switches
             2572697  involuntary context switches
      16432319916678  instructions retired
       4810442259104  cycles elapsed
           528059264  peak memory footprint
