# 2026-09-25T10:03:19Z piper-device whisper-sherpa synth-piper-2spk-s0101 pipeline=whisper-sherpa hint=0 n_active=2
# audio /Users/mivi/Desktop/plaud-harness/build/synthetic/piper/synth-piper-2spk-s0101/device/recording.ogg
# load average at start: { 5.44 5.94 6.72 }
# swap at start: total = 9216.00M  used = 8045.56M  free = 1170.44M  (encrypted)
whisper-sherpa: 51 segments, 6 speakers, 36.44s -> /Users/mivi/Desktop/plaud-harness/build/v5/hyp/piper-device/whisper-sherpa/synth-piper-2spk-s0101.partial/hyp.json (+ .rttm, .stm)
       38.02 real       143.63 user        11.70 sys
          1292451840  maximum resident set size
                   0  average shared memory size
                   0  average unshared data size
                   0  average unshared stack size
             1142852  page reclaims
                 152  page faults
                   0  swaps
                   0  block input operations
                   0  block output operations
                   0  messages sent
                   0  messages received
                   0  signals received
                1203  voluntary context switches
             1021240  involuntary context switches
        896733838905  instructions retired
        289364088979  cycles elapsed
          1348965440  peak memory footprint
# load average at end: { 5.33 5.85 6.65 }
# exit 0
