# 2026-09-25T09:06:11Z piper whisper-sherpa-hint synth-piper-3spk-reverb-noise-s0103 pipeline=whisper-sherpa hint=1 n_active=3
# audio /Users/mivi/Desktop/plaud-harness/build/synthetic/piper/synth-piper-3spk-reverb-noise-s0103/mix.wav
# load average at start: { 5.08 3.96 3.28 }
# swap at start: total = 8192.00M  used = 7287.12M  free = 904.88M  (encrypted)
/Users/mivi/Desktop/plaud-harness/pipeline/adapters.py:368: RuntimeWarning: sherpa-onnx returned 2 speaker(s) for num_speakers=3 (135.00 s of audio); the hint was not honoured
  turns = list(self.diarizer.diarize(audio.pcm, audio.sample_rate, num_speakers=num))
whisper-sherpa: 55 segments, 2 speakers, 46.16s -> /Users/mivi/Desktop/plaud-harness/build/v5/hyp/piper/whisper-sherpa-hint/synth-piper-3spk-reverb-noise-s0103.partial/hyp.json (+ .rttm, .stm)
       47.97 real       178.06 user        20.51 sys
           980402176  maximum resident set size
                   0  average shared memory size
                   0  average unshared data size
                   0  average unshared stack size
             2505439  page reclaims
                 885  page faults
                   0  swaps
                   0  block input operations
                   0  block output operations
                   0  messages sent
                   0  messages received
                   0  signals received
                 924  voluntary context switches
             1569291  involuntary context switches
       1241387139476  instructions retired
        437937051080  cycles elapsed
          1212716480  peak memory footprint
# load average at end: { 5.53 4.24 3.42 }
# exit 0
