# 2026-09-25T09:04:52Z piper whisper-sherpa-hint synth-piper-2spk-overlap-s0102 pipeline=whisper-sherpa hint=1 n_active=2
# audio /Users/mivi/Desktop/plaud-harness/build/synthetic/piper/synth-piper-2spk-overlap-s0102/mix.wav
# load average at start: { 5.40 3.62 3.11 }
# swap at start: total = 8192.00M  used = 7202.00M  free = 990.00M  (encrypted)
whisper-sherpa: 104 segments, 2 speakers, 43.59s -> /Users/mivi/Desktop/plaud-harness/build/v5/hyp/piper/whisper-sherpa-hint/synth-piper-2spk-overlap-s0102.partial/hyp.json (+ .rttm, .stm)
       45.38 real       172.11 user        21.42 sys
          1096204288  maximum resident set size
                   0  average shared memory size
                   0  average unshared data size
                   0  average unshared stack size
             2595443  page reclaims
                 447  page faults
                   0  swaps
                   0  block input operations
                   0  block output operations
                   0  messages sent
                   0  messages received
                   0  signals received
                 900  voluntary context switches
             1668106  involuntary context switches
       1207161113606  instructions retired
        440409532836  cycles elapsed
          1233868096  peak memory footprint
# load average at end: { 5.43 3.88 3.23 }
# exit 0
