# 2026-09-25T09:05:37Z piper whisper-sherpa-hint synth-piper-2spk-s0101 pipeline=whisper-sherpa hint=1 n_active=2
# audio /Users/mivi/Desktop/plaud-harness/build/synthetic/piper/synth-piper-2spk-s0101/mix.wav
# load average at start: { 5.43 3.88 3.23 }
# swap at start: total = 8192.00M  used = 7287.12M  free = 904.88M  (encrypted)
whisper-sherpa: 32 segments, 2 speakers, 32.24s -> /Users/mivi/Desktop/plaud-harness/build/v5/hyp/piper/whisper-sherpa-hint/synth-piper-2spk-s0101.partial/hyp.json (+ .rttm, .stm)
       33.93 real       128.13 user        13.11 sys
          1006141440  maximum resident set size
                   0  average shared memory size
                   0  average unshared data size
                   0  average unshared stack size
             1593557  page reclaims
                 603  page faults
                   0  swaps
                   0  block input operations
                   0  block output operations
                   0  messages sent
                   0  messages received
                   0  signals received
                 900  voluntary context switches
             1011830  involuntary context switches
        932356276219  instructions retired
        311909882828  cycles elapsed
          1149457088  peak memory footprint
# load average at end: { 5.08 3.96 3.28 }
# exit 0
